Archive member included because of file (symbol)

arch/x86/lib/libgcc.a(_divdi3.o)
                              arch/x86/lib/built-in.o (__normal___divdi3)
arch/x86/lib/libgcc.a(_moddi3.o)
                              arch/x86/lib/built-in.o (__normal___moddi3)
arch/x86/lib/libgcc.a(_udivdi3.o)
                              arch/x86/lib/built-in.o (__normal___udivdi3)
arch/x86/lib/libgcc.a(_umoddi3.o)
                              arch/x86/lib/built-in.o (__normal___umoddi3)

Allocating common symbols
Common symbol       size              file

ext_fs              0x48              fs/built-in.o
console_buffer      0x801             common/built-in.o
registered_devices  0x4               drivers/usb/gadget/built-in.o
idt_ptr             0x8               arch/x86/cpu/built-in.o
dirty_block_ptr     0x190             fs/built-in.o
part_offset         0x4               fs/built-in.o
monitor_flash_len   0x4               common/built-in.o
save_addr           0x4               common/built-in.o
registered_functions
                    0x4               drivers/usb/gadget/built-in.o
___strtok           0x4               lib/built-in.o
ext4fs_indir1_size  0x4               fs/built-in.o
ext4fs_indir2_block
                    0x4               fs/built-in.o
ext4fs_indir3_block
                    0x4               fs/built-in.o
journal_ptr         0x190             fs/built-in.o
gindex              0x4               fs/built-in.o
env_ptr             0x4               common/built-in.o
ext4fs_symlinknest  0x4               fs/built-in.o
bd_data             0x5c              arch/x86/lib/built-in.o
usb_devices         0x4               drivers/usb/gadget/built-in.o
images              0x90              common/built-in.o
gd_index            0x4               fs/built-in.o
global_dwc3         0x4               drivers/usb/dwc3/built-in.o
do_fat_read_at_block
                    0x10000           fs/built-in.o
ext4fs_indir3_size  0x4               fs/built-in.o
g_parent_inode      0x4               fs/built-in.o
ext4fs_indir2_size  0x4               fs/built-in.o
ext4fs_indir1_block
                    0x4               fs/built-in.o
save_size           0x4               common/built-in.o
idt                 0x800             arch/x86/cpu/built-in.o
usb_strings         0x4               drivers/usb/gadget/built-in.o
ext4fs_file         0x4               fs/built-in.o
get_dentfromdir_block
                    0x10000           fs/built-in.o
aligned_buffer      0x4               drivers/mmc/built-in.o
ext4fs_root         0x4               fs/built-in.o
get_contents_vfatname_block
                    0x10000           fs/built-in.o
jrnl_blk_idx        0x4               fs/built-in.o

Discarded input sections

 .data          0x0000000000000000        0x0 arch/x86/cpu/start.o
 .bss           0x0000000000000000        0x0 arch/x86/cpu/start.o
 .text          0x0000000000000000        0x0 arch/x86/cpu/built-in.o
 .text.set_vector
                0x0000000000000000       0x19 arch/x86/cpu/built-in.o
 .text.__do_irq
                0x0000000000000000       0x17 arch/x86/cpu/built-in.o
 .text.x86_cleanup_before_linux
                0x0000000000000000        0x3 arch/x86/cpu/built-in.o
 .text.x86_cpu_init_f
                0x0000000000000000       0x11 arch/x86/cpu/built-in.o
 .text.__reset_cpu
                0x0000000000000000       0x31 arch/x86/cpu/built-in.o
 .text.flush_dcache_range
                0x0000000000000000        0x1 arch/x86/cpu/built-in.o
 .text.invalidate_dcache_range
                0x0000000000000000        0x1 arch/x86/cpu/built-in.o
 .eh_frame      0x0000000000000000      0x284 arch/x86/cpu/built-in.o
 .data          0x0000000000000000        0x0 arch/x86/cpu/built-in.o
 .bss           0x0000000000000000        0x0 arch/x86/cpu/built-in.o
 .text.board_early_init_f
                0x0000000000000000        0x3 arch/x86/cpu/tangier/built-in.o
 .text.last_stage_init
                0x0000000000000000        0x3 arch/x86/cpu/tangier/built-in.o
 .text.panic_puts
                0x0000000000000000        0x1 arch/x86/cpu/tangier/built-in.o
 .text.dram_init
                0x0000000000000000        0x5 arch/x86/cpu/tangier/built-in.o
 .text.get_coreboot_info
                0x0000000000000000        0x3 arch/x86/cpu/tangier/built-in.o
 .eh_frame      0x0000000000000000      0x208 arch/x86/cpu/tangier/built-in.o
 .text          0x0000000000000000        0x0 arch/x86/lib/built-in.o
 .text.__wrap___divdi3
                0x0000000000000000       0x27 arch/x86/lib/built-in.o
 .text.__wrap___moddi3
                0x0000000000000000       0x27 arch/x86/lib/built-in.o
 .text.__wrap___umoddi3
                0x0000000000000000       0x27 arch/x86/lib/built-in.o
 .text.board_get_usable_ram_top
                0x0000000000000000        0xa arch/x86/lib/built-in.o
 .text.init_bd_struct_r
                0x0000000000000000       0x23 arch/x86/lib/built-in.o
 .text.init_func_spi
[...]
Memory Configuration

Name             Origin             Length             Attributes
*default*        0x0000000000000000 0xffffffffffffffff

Linker script and memory map

Address of section .text set to 0x1101000
                0x0000000001101000                . = 0x1101000
                0x0000000001101000                __text_start = .

.text           0x0000000001101000    0x2529b
 *(.text*)
 .text          0x0000000001101000       0xb4 arch/x86/cpu/start.o
                0x0000000001101000                _x86boot_start
                0x0000000001101015                _start
                0x0000000001101025                early_board_init_ret
                0x000000000110102a                car_init_ret
                0x0000000001101057                board_init_f_r_trampoline
 .text.dump_regs
                0x00000000011010b4      0x16c arch/x86/cpu/built-in.o
                0x00000000011010b4                dump_regs
 .text.cpu_init_interrupts
                0x0000000001101220       0x7e arch/x86/cpu/built-in.o
                0x0000000001101220                cpu_init_interrupts
 .text.enable_interrupts
                0x000000000110129e        0x2 arch/x86/cpu/built-in.o
                0x000000000110129e                enable_interrupts
 .text.disable_interrupts
                0x00000000011012a0        0x9 arch/x86/cpu/built-in.o
                0x00000000011012a0                disable_interrupts
 .text.irq_llsr
                0x00000000011012a9      0x9ae arch/x86/cpu/built-in.o
                0x00000000011012a9                irq_llsr
                0x00000000011013a8                irq_common_entry
                0x00000000011013d7                irq_0
                0x00000000011013de                irq_1
                0x00000000011013e5                irq_2
                0x00000000011013ec                irq_3
                0x00000000011013f3                irq_4
                0x00000000011013fa                irq_5
                0x0000000001101401                irq_6
                0x0000000001101408                irq_7
                0x000000000110140f                irq_8
                0x0000000001101416                irq_9
                0x000000000110141d                irq_10
                0x0000000001101424                irq_11
                0x000000000110142b                irq_12
                0x0000000001101432                irq_13
                0x0000000001101439                irq_14
                0x0000000001101440                irq_15
                0x0000000001101447                irq_16
                0x000000000110144e                irq_17
                0x0000000001101455                irq_18
                0x000000000110145c                irq_19
                0x0000000001101463                irq_20
                0x000000000110146a                irq_21
                0x0000000001101471                irq_22
                0x0000000001101478                irq_23
                0x000000000110147f                irq_24
                0x0000000001101486                irq_25
                0x000000000110148d                irq_26
                0x0000000001101494                irq_27
                0x000000000110149b                irq_28
                0x00000000011014a2                irq_29
                0x00000000011014a9                irq_30
                0x00000000011014b0                irq_31
                0x00000000011014b7                irq_32
                0x00000000011014be                irq_33
                0x00000000011014c5                irq_34
                0x00000000011014cc                irq_35
                0x00000000011014d3                irq_36
                0x00000000011014da                irq_37
                0x00000000011014e1                irq_38
                0x00000000011014e8                irq_39
                0x00000000011014ef                irq_40
                0x00000000011014f6                irq_41
                0x00000000011014fd                irq_42
                0x0000000001101504                irq_43
                0x000000000110150b                irq_44
                0x0000000001101512                irq_45
                0x0000000001101519                irq_46
                0x0000000001101520                irq_47
                0x0000000001101527                irq_48
                0x000000000110152e                irq_49
                0x0000000001101535                irq_50
                0x000000000110153c                irq_51
                0x0000000001101543                irq_52
                0x000000000110154a                irq_53
                0x0000000001101551                irq_54
                0x0000000001101558                irq_55
                0x000000000110155f                irq_56
                0x0000000001101566                irq_57
                0x000000000110156d                irq_58
                0x0000000001101574                irq_59
                0x000000000110157b                irq_60
                0x0000000001101582                irq_61
                0x0000000001101589                irq_62
                0x0000000001101590                irq_63
                0x0000000001101597                irq_64
                0x000000000110159e                irq_65
                0x00000000011015a5                irq_66
                0x00000000011015ac                irq_67
                0x00000000011015b3                irq_68
                0x00000000011015ba                irq_69
                0x00000000011015c1                irq_70
                0x00000000011015c8                irq_71
                0x00000000011015cf                irq_72
                0x00000000011015d6                irq_73
                0x00000000011015dd                irq_74
                0x00000000011015e4                irq_75
                0x00000000011015eb                irq_76
                0x00000000011015f2                irq_77
                0x00000000011015f9                irq_78
                0x0000000001101600                irq_79
                0x0000000001101607                irq_80
                0x000000000110160e                irq_81
                0x0000000001101615                irq_82
                0x000000000110161c                irq_83
                0x0000000001101623                irq_84
                0x000000000110162a                irq_85
                0x0000000001101631                irq_86
                0x0000000001101638                irq_87
                0x000000000110163f                irq_88
                0x0000000001101646                irq_89
                0x000000000110164d                irq_90
                0x0000000001101654                irq_91
                0x000000000110165b                irq_92
                0x0000000001101662                irq_93
                0x0000000001101669                irq_94
                0x0000000001101670                irq_95
                0x0000000001101677                irq_97
                0x000000000110167e                irq_96
                0x0000000001101685                irq_98
                0x000000000110168c                irq_99
                0x0000000001101693                irq_100
                0x000000000110169a                irq_101
                0x00000000011016a1                irq_102
                0x00000000011016a8                irq_103
                0x00000000011016af                irq_104
                0x00000000011016b6                irq_105
                0x00000000011016bd                irq_106
                0x00000000011016c4                irq_107
                0x00000000011016cb                irq_108
                0x00000000011016d2                irq_109
                0x00000000011016d9                irq_110
                0x00000000011016e0                irq_111
                0x00000000011016e7                irq_112
                0x00000000011016ee                irq_113
                0x00000000011016f5                irq_114
                0x00000000011016fc                irq_115
                0x0000000001101703                irq_116
                0x000000000110170a                irq_117
                0x0000000001101711                irq_118
                0x0000000001101718                irq_119
                0x000000000110171f                irq_120
                0x0000000001101726                irq_121
                0x000000000110172d                irq_122
                0x0000000001101734                irq_123
                0x000000000110173b                irq_124
                0x0000000001101742                irq_125
                0x0000000001101749                irq_126
                0x0000000001101750                irq_127
                0x0000000001101757                irq_128
                0x0000000001101761                irq_129
                0x000000000110176b                irq_130
                0x0000000001101775                irq_131
                0x000000000110177f                irq_132
                0x0000000001101789                irq_133
                0x0000000001101793                irq_134
                0x000000000110179d                irq_135
                0x00000000011017a7                irq_136
                0x00000000011017b1                irq_137
                0x00000000011017bb                irq_138
                0x00000000011017c5                irq_139
                0x00000000011017cf                irq_140
                0x00000000011017d9                irq_141
                0x00000000011017e3                irq_142
                0x00000000011017ed                irq_143
                0x00000000011017f7                irq_144
                0x0000000001101801                irq_145
                0x000000000110180b                irq_146
                0x0000000001101815                irq_147
                0x000000000110181f                irq_148
                0x0000000001101829                irq_149
                0x0000000001101833                irq_150
                0x000000000110183d                irq_151
                0x0000000001101847                irq_152
                0x0000000001101851                irq_153
                0x000000000110185b                irq_154
                0x0000000001101865                irq_155
                0x000000000110186f                irq_156
                0x0000000001101879                irq_157
                0x0000000001101883                irq_158
                0x000000000110188d                irq_159
                0x0000000001101897                irq_160
                0x00000000011018a1                irq_161
                0x00000000011018ab                irq_162
                0x00000000011018b5                irq_163
                0x00000000011018bf                irq_164
                0x00000000011018c9                irq_165
                0x00000000011018d3                irq_166
                0x00000000011018dd                irq_167
                0x00000000011018e7                irq_168
                0x00000000011018f1                irq_169
                0x00000000011018fb                irq_170
                0x0000000001101905                irq_171
                0x000000000110190f                irq_172
                0x0000000001101919                irq_173
                0x0000000001101923                irq_174
                0x000000000110192d                irq_175
                0x0000000001101937                irq_176
                0x0000000001101941                irq_177
                0x000000000110194b                irq_178
                0x0000000001101955                irq_179
                0x000000000110195f                irq_180
                0x0000000001101969                irq_181
                0x0000000001101973                irq_182
                0x000000000110197d                irq_183
                0x0000000001101987                irq_184
                0x0000000001101991                irq_185
                0x000000000110199b                irq_186
                0x00000000011019a5                irq_187
                0x00000000011019af                irq_188
                0x00000000011019b9                irq_189
                0x00000000011019c3                irq_190
                0x00000000011019cd                irq_191
                0x00000000011019d7                irq_192
                0x00000000011019e1                irq_193
                0x00000000011019eb                irq_194
                0x00000000011019f5                irq_195
                0x00000000011019ff                irq_196
                0x0000000001101a09                irq_197
                0x0000000001101a13                irq_198
                0x0000000001101a1d                irq_199
                0x0000000001101a27                irq_200
                0x0000000001101a31                irq_201
                0x0000000001101a3b                irq_202
                0x0000000001101a45                irq_203
                0x0000000001101a4f                irq_204
                0x0000000001101a59                irq_205
                0x0000000001101a63                irq_206
                0x0000000001101a6d                irq_207
                0x0000000001101a77                irq_208
                0x0000000001101a81                irq_209
                0x0000000001101a8b                irq_210
                0x0000000001101a95                irq_211
                0x0000000001101a9f                irq_212
                0x0000000001101aa9                irq_213
                0x0000000001101ab3                irq_214
                0x0000000001101abd                irq_215
                0x0000000001101ac7                irq_216
                0x0000000001101ad1                irq_217
                0x0000000001101adb                irq_218
                0x0000000001101ae5                irq_219
                0x0000000001101aef                irq_220
                0x0000000001101af9                irq_221
                0x0000000001101b03                irq_222
                0x0000000001101b0d                irq_223
                0x0000000001101b17                irq_224
                0x0000000001101b21                irq_225
                0x0000000001101b2b                irq_226
                0x0000000001101b35                irq_227
                0x0000000001101b3f                irq_228
                0x0000000001101b49                irq_229
                0x0000000001101b53                irq_230
                0x0000000001101b5d                irq_231
                0x0000000001101b67                irq_232
                0x0000000001101b71                irq_233
                0x0000000001101b7b                irq_234
                0x0000000001101b85                irq_235
                0x0000000001101b8f                irq_236
                0x0000000001101b99                irq_237
                0x0000000001101ba3                irq_238
                0x0000000001101bad                irq_239
                0x0000000001101bb7                irq_240
                0x0000000001101bc1                irq_241
                0x0000000001101bcb                irq_242
                0x0000000001101bd5                irq_243
                0x0000000001101bdf                irq_244
                0x0000000001101be9                irq_245
                0x0000000001101bf3                irq_246
                0x0000000001101bfd                irq_247
                0x0000000001101c07                irq_248
                0x0000000001101c11                irq_249
                0x0000000001101c1b                irq_250
                0x0000000001101c25                irq_251
                0x0000000001101c2f                irq_252
                0x0000000001101c39                irq_253
                0x0000000001101c43                irq_254
                0x0000000001101c4d                irq_255
 .text.setup_gdt
                0x0000000001101c57       0x98 arch/x86/cpu/built-in.o
                0x0000000001101c57                setup_gdt
 .text.x86_cpu_init_r
                0x0000000001101cef        0x8 arch/x86/cpu/built-in.o
                0x0000000001101cef                cpu_init_r
                0x0000000001101cef                x86_cpu_init_r
 .text.x86_enable_caches
                0x0000000001101cf7        0xe arch/x86/cpu/built-in.o
                0x0000000001101cf7                enable_caches
                0x0000000001101cf7                x86_enable_caches
 .text.x86_disable_caches
                0x0000000001101d05       0x10 arch/x86/cpu/built-in.o
                0x0000000001101d05                disable_caches
                0x0000000001101d05                x86_disable_caches
 .text.x86_init_cache
                0x0000000001101d15        0x8 arch/x86/cpu/built-in.o
                0x0000000001101d15                init_cache
                0x0000000001101d15                x86_init_cache
 .text.do_reset
                0x0000000001101d1d       0x27 arch/x86/cpu/built-in.o
                0x0000000001101d1d                do_reset
 .text.flush_cache
                0x0000000001101d44        0xa arch/x86/cpu/built-in.o
                0x0000000001101d44                flush_cache
                0x0000000001101d47                generate_gpf
 .text.dcache_status
                0x0000000001101d4e        0xd arch/x86/cpu/built-in.o
                0x0000000001101d4e                dcache_status
 .text.dcache_enable
                0x0000000001101d5b        0x5 arch/x86/cpu/built-in.o
                0x0000000001101d5b                dcache_enable
 .text.dcache_disable
                0x0000000001101d60        0x5 arch/x86/cpu/built-in.o
                0x0000000001101d60                dcache_disable
 .text.icache_enable
                0x0000000001101d65        0x1 arch/x86/cpu/built-in.o
                0x0000000001101d65                icache_enable
 .text.icache_disable
                0x0000000001101d66        0x1 arch/x86/cpu/built-in.o
                0x0000000001101d66                icache_disable
 .text.icache_status
                0x0000000001101d67        0x6 arch/x86/cpu/built-in.o
                0x0000000001101d67                icache_status
 .text          0x0000000001101d6d        0x5 arch/x86/cpu/tangier/built-in.o
                0x0000000001101d6d                car_init
 .text.cpu_init_f
                0x0000000001101d72        0xf arch/x86/cpu/tangier/built-in.o
                0x0000000001101d72                cpu_init_f
 .text.board_early_init_r
                0x0000000001101d81        0x3 arch/x86/cpu/tangier/built-in.o
                0x0000000001101d81                board_early_init_r
 .text.board_late_init
                0x0000000001101d84      0x129 arch/x86/cpu/tangier/built-in.o
                0x0000000001101d84                board_late_init
 .text.show_boot_progress
                0x0000000001101ead        0x6 arch/x86/cpu/tangier/built-in.o
                0x0000000001101ead                show_boot_progress
 .text.board_final_cleanup
                0x0000000001101eb3        0x3 arch/x86/cpu/tangier/built-in.o
                0x0000000001101eb3                board_final_cleanup
 .text.board_mmc_init
                0x0000000001101eb6       0x11 arch/x86/cpu/tangier/built-in.o
                0x0000000001101eb6                board_mmc_init
 .text.get_tbclk_mhz
                0x0000000001101ec7       0x55 arch/x86/cpu/tangier/built-in.o
                0x0000000001101ec7                get_tbclk_mhz
 .text.reset_cpu
                0x0000000001101f1c        0xc arch/x86/cpu/tangier/built-in.o
                0x0000000001101f1c                reset_cpu
 .text.config_pci_bridge
                0x0000000001101f28       0x39 arch/x86/cpu/tangier/built-in.o
 .text.pci_init_board
                0x0000000001101f61       0x78 arch/x86/cpu/tangier/built-in.o
                0x0000000001101f61                pci_init_board
 .text.install_e820_map
                0x0000000001101fd9        0x5 arch/x86/cpu/tangier/built-in.o
                0x0000000001101fd9                install_e820_map
 .text.board_get_usable_ram_top
                0x0000000001101fde        0x6 arch/x86/cpu/tangier/built-in.o
                0x0000000001101fde                board_get_usable_ram_top
 .text.dram_init_f
                0x0000000001101fe4       0x17 arch/x86/cpu/tangier/built-in.o
                0x0000000001101fe4                dram_init_f
 .text.dram_init_banksize
                0x0000000001101ffb       0x75 arch/x86/cpu/tangier/built-in.o
                0x0000000001101ffb                dram_init_banksize
 .text.do_bootm_linux
                0x0000000001102070       0xd8 arch/x86/lib/built-in.o
                0x0000000001102070                do_bootm_linux
 .text.do_go_exec
                0x0000000001102148       0x5f arch/x86/lib/built-in.o
                0x0000000001102148                do_go_exec
 .text.__wrap___udivdi3
                0x00000000011021a7       0x27 arch/x86/lib/built-in.o
                0x00000000011021a7                __wrap___udivdi3
 .text.calculate_relocation_address
                0x00000000011021ce       0x59 arch/x86/lib/built-in.o
                0x00000000011021ce                calculate_relocation_address
 .text.init_cache_f_r
                0x0000000001102227        0x5 arch/x86/lib/built-in.o
                0x0000000001102227                init_cache_f_r
 .text.irq_install_handler
                0x000000000110222c       0x8a arch/x86/lib/built-in.o
                0x000000000110222c                irq_install_handler
 .text.irq_free_handler
                0x00000000011022b6       0x57 arch/x86/lib/built-in.o
                0x00000000011022b6                irq_free_handler
 .text.do_irq   0x000000000110230d       0x71 arch/x86/lib/built-in.o
                0x000000000110230d                do_irq
 .text.do_irqinfo
                0x000000000110237e       0x7b arch/x86/lib/built-in.o
                0x000000000110237e                do_irqinfo
 .text.interrupt_init
                0x00000000011023f9       0x7d arch/x86/lib/built-in.o
                0x00000000011023f9                interrupt_init
 .text.mask_irq
                0x0000000001102476       0x2e arch/x86/lib/built-in.o
                0x0000000001102476                mask_irq
 .text.unmask_irq
                0x00000000011024a4       0x30 arch/x86/lib/built-in.o
                0x00000000011024a4                unmask_irq
 .text.specific_eoi
                0x00000000011024d4       0x1d arch/x86/lib/built-in.o
                0x00000000011024d4                specific_eoi
 .text.type1_read_config_byte
                0x00000000011024f1       0x29 arch/x86/lib/built-in.o
 .text.type1_read_config_word
                0x000000000110251a       0x2b arch/x86/lib/built-in.o
 .text.type1_read_config_dword
                0x0000000001102545       0x27 arch/x86/lib/built-in.o
 .text.type1_write_config_byte
                0x000000000110256c       0x2a arch/x86/lib/built-in.o
 .text.type1_write_config_word
                0x0000000001102596       0x2b arch/x86/lib/built-in.o
 .text.type1_write_config_dword
                0x00000000011025c1       0x25 arch/x86/lib/built-in.o
 .text.pci_setup_type1
                0x00000000011025e6       0x4b arch/x86/lib/built-in.o
                0x00000000011025e6                pci_setup_type1
 .text.copy_uboot_to_ram
                0x0000000001102631       0x21 arch/x86/lib/built-in.o
                0x0000000001102631                copy_uboot_to_ram
 .text.clear_bss
                0x0000000001102652       0x23 arch/x86/lib/built-in.o
                0x0000000001102652                clear_bss
 .text.do_elf_reloc_fixups
                0x0000000001102675       0x5d arch/x86/lib/built-in.o
                0x0000000001102675                do_elf_reloc_fixups
 .text.memset   0x00000000011026d2       0x43 arch/x86/lib/built-in.o
                0x00000000011026d2                memset
 .text.memcpy   0x0000000001102715       0x30 arch/x86/lib/built-in.o
                0x0000000001102715                memcpy
 .text.timer_set_base
                0x0000000001102745       0x14 arch/x86/lib/built-in.o
                0x0000000001102745                timer_set_base
 .text.get_ticks
                0x0000000001102759       0x45 arch/x86/lib/built-in.o
                0x0000000001102759                get_ticks
 .text.get_tbclk
                0x000000000110279e        0xc arch/x86/lib/built-in.o
                0x000000000110279e                get_tbclk
 .text.get_timer
                0x00000000011027aa       0x40 arch/x86/lib/built-in.o
                0x00000000011027aa                get_timer
 .text.timer_get_us
                0x00000000011027ea       0x31 arch/x86/lib/built-in.o
                0x00000000011027ea                timer_get_us
 .text.__udelay
                0x000000000110281b       0x47 arch/x86/lib/built-in.o
                0x000000000110281b                __udelay
 .text.timer_init
                0x0000000001102862        0x3 arch/x86/lib/built-in.o
                0x0000000001102862                timer_init
 .text.load_zimage
                0x0000000001102865      0x269 arch/x86/lib/built-in.o
                0x0000000001102865                load_zimage
 .text.setup_zimage
                0x0000000001102ace      0x187 arch/x86/lib/built-in.o
                0x0000000001102ace                setup_zimage
 .text.boot_zimage
                0x0000000001102c55       0x42 arch/x86/lib/built-in.o
                0x0000000001102c55                boot_zimage
 .text.__setup_pcat_compatibility
                0x0000000001102c97        0x1 arch/x86/lib/built-in.o
                0x0000000001102c97                __setup_pcat_compatibility
                0x0000000001102c97                setup_pcat_compatibility
 .text.do_zboot
                0x0000000001102c98       0xff arch/x86/lib/built-in.o
                0x0000000001102c98                do_zboot
 .text.sfi_table_check
                0x0000000001102d97       0x59 arch/x86/lib/built-in.o
 .text.sfi_search_mmap
                0x0000000001102df0       0x93 arch/x86/lib/built-in.o
 .text.sfi_setup_e820
                0x0000000001102e83       0xfd arch/x86/lib/built-in.o
                0x0000000001102e83                sfi_setup_e820
 .text.sfi_get_ram_size
                0x0000000001102f80       0xc4 arch/x86/lib/built-in.o
                0x0000000001102f80                sfi_get_ram_size
 .text          0x0000000001103044        0x5 board/intel/edison/built-in.o
                0x0000000001103044                early_board_init
 .text.board_usb_init
                0x0000000001103049        0x5 board/intel/edison/built-in.o
                0x0000000001103049                board_usb_init
 .text.watchdog_reset
                0x000000000110304e       0x34 board/intel/edison/built-in.o
                0x000000000110304e                watchdog_reset
 .text.main_loop
                0x0000000001103082       0xe1 common/built-in.o
                0x0000000001103082                main_loop
 .text.readline
                0x0000000001103163       0x13 common/built-in.o
                0x0000000001103163                readline
 .text.readline_into_buffer
                0x0000000001103176      0x1c2 common/built-in.o
                0x0000000001103176                readline_into_buffer
 .text.run_command
                0x0000000001103338        0xa common/built-in.o
                0x0000000001103338                run_command
 .text.run_command_list
                0x0000000001103342       0x4a common/built-in.o
                0x0000000001103342                run_command_list
 .text.do_run   0x000000000110338c       0x61 common/built-in.o
                0x000000000110338c                do_run
 .text.delete_char.part.0
                0x00000000011033ed       0x78 common/built-in.o
 .text._do_help
                0x0000000001103465      0x135 common/built-in.o
                0x0000000001103465                _do_help
 .text.find_cmd_tbl
                0x000000000110359a       0x7a common/built-in.o
                0x000000000110359a                find_cmd_tbl
 .text.find_cmd
                0x0000000001103614       0x1e common/built-in.o
                0x0000000001103614                find_cmd
 .text.cmd_usage
                0x0000000001103632       0x5d common/built-in.o
                0x0000000001103632                cmd_usage
 .text.var_complete
                0x000000000110368f       0x71 common/built-in.o
                0x000000000110368f                var_complete
 .text.cmd_auto_complete
                0x0000000001103700      0x3ca common/built-in.o
                0x0000000001103700                cmd_auto_complete
 .text.cmd_get_data_size
                0x0000000001103aca       0x36 common/built-in.o
                0x0000000001103aca                cmd_get_data_size
 .text.cmd_process
                0x0000000001103b00       0xc8 common/built-in.o
                0x0000000001103b00                cmd_process
 .text.dummy    0x0000000001103bc8        0x1 common/built-in.o
 .text.get_version
                0x0000000001103bc9        0x6 common/built-in.o
                0x0000000001103bc9                get_version
 .text.jumptable_init
                0x0000000001103bcf      0x1d6 common/built-in.o
                0x0000000001103bcf                jumptable_init
 .text.find_hash_algo
                0x0000000001103da5       0x38 common/built-in.o
 .text.hash_command
                0x0000000001103ddd      0x165 common/built-in.o
                0x0000000001103ddd                hash_command
 .text.syntax_err
                0x0000000001103f42        0xf common/built-in.o
 .text.b_addchr
                0x0000000001103f51       0x57 common/built-in.o
 .text.b_reset  0x0000000001103fa8       0x18 common/built-in.o
 .text.b_addqchr
                0x0000000001103fc0       0x36 common/built-in.o
 .text.static_get
                0x0000000001103ff6       0x12 common/built-in.o
 .text.static_peek
                0x0000000001104008        0x6 common/built-in.o
 .text.file_get
                0x000000000110400e      0x1a1 common/built-in.o
 .text.file_peek
                0x00000000011041af        0x6 common/built-in.o
 .text.run_list_real
                0x00000000011041b5      0x6a8 common/built-in.o
 .text.free_pipe_list
                0x000000000110485d       0xac common/built-in.o
 .text.get_local_var
                0x0000000001104909       0x69 common/built-in.o
                0x0000000001104909                get_local_var
 .text.set_local_var
                0x0000000001104972      0x14d common/built-in.o
                0x0000000001104972                set_local_var
 .text.is_assignment
                0x0000000001104abf       0x36 common/built-in.o
 .text.new_pipe
                0x0000000001104af5       0x2d common/built-in.o
 .text.done_word
                0x0000000001104b22      0x24c common/built-in.o
 .text.done_command
                0x0000000001104d6e       0x5a common/built-in.o
 .text.done_pipe
                0x0000000001104dc8       0x3a common/built-in.o
 .text.mapset   0x0000000001104e02       0x11 common/built-in.o
 .text.parse_stream_outer
                0x0000000001104e13      0x5db common/built-in.o
 .text.parse_string_outer
                0x00000000011053ee       0xc6 common/built-in.o
                0x00000000011053ee                parse_string_outer
 .text.parse_file_outer
                0x00000000011054b4       0x3a common/built-in.o
                0x00000000011054b4                parse_file_outer
 .text.u_boot_hush_start
                0x00000000011054ee       0x3d common/built-in.o
                0x00000000011054ee                u_boot_hush_start
 .text.xmalloc  0x000000000110552b       0x1a common/built-in.o
 .text.xrealloc
                0x0000000001105545       0x1a common/built-in.o
 .text.insert_var_value_sub
                0x000000000110555f      0x241 common/built-in.o
 .text.do_showvar
                0x00000000011057a0       0xda common/built-in.o
 .text.srec_decode
                0x000000000110587a      0x1eb common/built-in.o
                0x000000000110587a                srec_decode
 .text.hex1_bin
                0x0000000001105a65       0x28 common/built-in.o
 .text.hex2_bin
                0x0000000001105a8d       0x2c common/built-in.o
 .text.xyzModem_flush
                0x0000000001105ab9       0x10 common/built-in.o
 .text.xyzModem_get_hdr
                0x0000000001105ac9      0x1a9 common/built-in.o
 .text.xyzModem_stream_open
                0x0000000001105c72      0x21f common/built-in.o
                0x0000000001105c72                xyzModem_stream_open
 .text.xyzModem_stream_read
                0x0000000001105e91      0x1f1 common/built-in.o
                0x0000000001105e91                xyzModem_stream_read
 .text.xyzModem_stream_close
                0x0000000001106082       0x56 common/built-in.o
                0x0000000001106082                xyzModem_stream_close
 .text.xyzModem_stream_terminate
                0x00000000011060d8       0x83 common/built-in.o
                0x00000000011060d8                xyzModem_stream_terminate
 .text.xyzModem_error
                0x000000000110615b       0x16 common/built-in.o
                0x000000000110615b                xyzModem_error
 .text.CYGACC_COMM_IF_GETC_TIMEOUT.isra.0
                0x0000000001106171       0x39 common/built-in.o
 .text.print_cpuinfo
                0x00000000011061aa        0x3 common/built-in.o
 .text.trace_early_init
                0x00000000011061ad        0x3 common/built-in.o
 .text.init_func_watchdog_init
                0x00000000011061b0       0x12 common/built-in.o
 .text.init_func_watchdog_reset
                0x00000000011061c2        0x8 common/built-in.o
                0x00000000011061c2                init_func_watchdog_reset
 .text.__board_add_ram_info
                0x00000000011061ca        0x1 common/built-in.o
                0x00000000011061ca                __board_add_ram_info
                0x00000000011061ca                board_add_ram_info
 .text.init_baud_rate
                0x00000000011061cb       0x23 common/built-in.o
 .text.display_text_info
                0x00000000011061ee        0x3 common/built-in.o
 .text.announce_dram_init
                0x00000000011061f1        0xd common/built-in.o
 .text.show_dram_config
                0x00000000011061fe       0x37 common/built-in.o
 .text.setup_mon_len
                0x0000000001106235       0x10 common/built-in.o
 .text.arch_cpu_init
                0x0000000001106245        0x3 common/built-in.o
                0x0000000001106245                arch_cpu_init
 .text.setup_dest_addr
                0x0000000001106248       0x46 common/built-in.o
 .text.reserve_round_4k
                0x000000000110628e       0x10 common/built-in.o
 .text.reserve_trace
                0x000000000110629e        0x3 common/built-in.o
 .text.reserve_uboot
                0x00000000011062a1       0x36 common/built-in.o
 .text.reserve_malloc
                0x00000000011062d7       0x1c common/built-in.o
 .text.reserve_board
                0x00000000011062f3       0x33 common/built-in.o
 .text.setup_machine
                0x0000000001106326        0x3 common/built-in.o
 .text.reserve_global_data
                0x0000000001106329       0x23 common/built-in.o
 .text.reserve_stacks
                0x000000000110634c       0x2a common/built-in.o
 .text.display_new_sp
                0x0000000001106376        0x3 common/built-in.o
 .text.setup_baud_rate
                0x0000000001106379       0x18 common/built-in.o
 .text.setup_dram_config
                0x0000000001106391        0x8 common/built-in.o
 .text.setup_reloc
                0x0000000001106399       0x36 common/built-in.o
 .text.jump_to_copy
                0x00000000011063cf        0xe common/built-in.o
 .text.mark_bootstage
                0x00000000011063dd        0xd common/built-in.o
 .text.board_init_f
                0x00000000011063ea       0x26 common/built-in.o
                0x00000000011063ea                board_init_f
 .text.board_init_f_r
                0x0000000001106410       0x35 common/built-in.o
                0x0000000001106410                board_init_f_r
 .text.bootstage_relocate
                0x0000000001106445        0x3 common/built-in.o
 .text.__cpu_secondary_init_r
                0x0000000001106448        0x1 common/built-in.o
                0x0000000001106448                cpu_secondary_init_r
                0x0000000001106448                __cpu_secondary_init_r
 .text.initr_secondary_cpu
                0x0000000001106449        0x8 common/built-in.o
 .text.initr_trace
                0x0000000001106451        0x3 common/built-in.o
 .text.initr_reloc
                0x0000000001106454       0x17 common/built-in.o
 .text.initr_reloc_global_data
                0x000000000110646b       0x17 common/built-in.o
 .text.initr_serial
                0x0000000001106482        0x8 common/built-in.o
 .text.initr_pci
                0x000000000110648a        0x8 common/built-in.o
 .text.initr_barrier
                0x0000000001106492        0x3 common/built-in.o
 .text.initr_malloc
                0x0000000001106495       0x1b common/built-in.o
 .text.power_init_board
                0x00000000011064b0        0x3 common/built-in.o
                0x00000000011064b0                power_init_board
 .text.initr_announce
                0x00000000011064b3        0x3 common/built-in.o
 .text.initr_mmc
                0x00000000011064b6       0x1a common/built-in.o
                0x00000000011064b6                initr_mmc
 .text.initr_env
                0x00000000011064d0       0x22 common/built-in.o
 .text.initr_jumptable
                0x00000000011064f2        0x8 common/built-in.o
 .text.run_main_loop
                0x00000000011064fa        0x7 common/built-in.o
 .text.board_init_r
                0x0000000001106501        0xf common/built-in.o
                0x0000000001106501                board_init_r
 .text.do_go    0x0000000001106510       0x64 common/built-in.o
 .text.__arch_preboot_os
                0x0000000001106574        0x1 common/built-in.o
                0x0000000001106574                arch_preboot_os
 .text.do_bootm_standalone
                0x0000000001106575       0x43 common/built-in.o
 .text.do_bootm
                0x00000000011065b8       0xae common/built-in.o
                0x00000000011065b8                do_bootm
 .text.do_bootd
                0x0000000001106666       0x1b common/built-in.o
                0x0000000001106666                do_bootd
 .text.copy_args
                0x0000000001106681       0x3f common/built-in.o
 .text.do_bootm_netbsd
                0x00000000011066c0       0xdb common/built-in.o
 .text.do_bootm_rtems
                0x000000000110679b       0x43 common/built-in.o
 .text.do_bootm_plan9
                0x00000000011067de       0x90 common/built-in.o
 .text.do_bootm_qnxelf
                0x000000000110686e       0x5a common/built-in.o
 .text.do_bootm_states.isra.21.constprop.22
                0x00000000011068c8      0x636 common/built-in.o
 .text.do_help  0x0000000001106efe       0x3c common/built-in.o
 .text.do_version
                0x0000000001106f3a       0x31 common/built-in.o
 .text.env_attr_walk
                0x0000000001106f6b       0xd7 common/built-in.o
                0x0000000001106f6b                env_attr_walk
 .text.env_attr_lookup
                0x0000000001107042      0x122 common/built-in.o
                0x0000000001107042                env_attr_lookup
 .text.find_env_callback
                0x0000000001107164       0x41 common/built-in.o
 .text.env_callback_init
                0x00000000011071a5       0x93 common/built-in.o
                0x00000000011071a5                env_callback_init
 .text.clear_callback
                0x0000000001107238        0xa common/built-in.o
 .text.set_callback
                0x0000000001107242       0x87 common/built-in.o
 .text.on_callbacks
                0x00000000011072c9       0x31 common/built-in.o
 .text.env_flags_print_vartypes
                0x00000000011072fa       0x33 common/built-in.o
                0x00000000011072fa                env_flags_print_vartypes
 .text.env_flags_print_varaccess
                0x000000000110732d       0x33 common/built-in.o
                0x000000000110732d                env_flags_print_varaccess
 .text.env_flags_get_vartype_name
                0x0000000001107360        0x8 common/built-in.o
                0x0000000001107360                env_flags_get_vartype_name
 .text.env_flags_get_varaccess_name
                0x0000000001107368        0x8 common/built-in.o
                0x0000000001107368                env_flags_get_varaccess_name
 .text.env_flags_parse_vartype
                0x0000000001107370       0x41 common/built-in.o
                0x0000000001107370                env_flags_parse_vartype
 .text.env_flags_parse_varaccess
                0x00000000011073b1       0x44 common/built-in.o
                0x00000000011073b1                env_flags_parse_varaccess
 .text.env_flags_parse_varaccess_from_binflags
                0x00000000011073f5       0x20 common/built-in.o
                0x00000000011073f5                env_flags_parse_varaccess_from_binflags
 .text.env_flags_init
                0x0000000001107415       0x95 common/built-in.o
                0x0000000001107415                env_flags_init
 .text.clear_flags
                0x00000000011074aa        0xa common/built-in.o
 .text.set_flags
                0x00000000011074b4       0x93 common/built-in.o
 .text.on_flags
                0x0000000001107547       0x31 common/built-in.o
 .text.env_flags_validate
                0x0000000001107578      0x1c0 common/built-in.o
                0x0000000001107578                env_flags_validate
 .text.mmc_get_env_addr
                0x0000000001107738       0x14 common/built-in.o
                0x0000000001107738                mmc_get_env_addr
 .text.env_init
                0x000000000110774c       0x1d common/built-in.o
                0x000000000110774c                env_init
 .text.init_mmc_for_env
                0x0000000001107769       0x40 common/built-in.o
 .text.saveenv  0x00000000011077a9      0x190 common/built-in.o
                0x00000000011077a9                saveenv
 .text.env_relocate_spec
                0x0000000001107939      0x21a common/built-in.o
                0x0000000001107939                env_relocate_spec
 .text.source   0x0000000001107b53       0xa1 common/built-in.o
                0x0000000001107b53                source
 .text.do_source
                0x0000000001107bf4       0x40 common/built-in.o
                0x0000000001107bf4                do_source
 .text.print_num
                0x0000000001107c34       0x1b common/built-in.o
 .text.do_bdinfo
                0x0000000001107c4f      0x114 common/built-in.o
                0x0000000001107c4f                do_bdinfo
 .text.invalidate_icache_all
                0x0000000001107d63        0xa common/built-in.o
                0x0000000001107d63                invalidate_icache_all
 .text.do_icache
                0x0000000001107d6d       0x70 common/built-in.o
                0x0000000001107d6d                do_icache
 .text.flush_dcache_all
                0x0000000001107ddd        0xa common/built-in.o
                0x0000000001107ddd                flush_dcache_all
 .text.do_dcache
                0x0000000001107de7       0x70 common/built-in.o
                0x0000000001107de7                do_dcache
 .text.parse_argv
                0x0000000001107e57       0x44 common/built-in.o
 .text.do_coninfo
                0x0000000001107e9b       0xb9 common/built-in.o
 .text.do_echo  0x0000000001107f54       0x8e common/built-in.o
 .text.do_bootelf_exec
                0x0000000001107fe2       0x36 common/built-in.o
                0x0000000001107fe2                do_bootelf_exec
 .text.valid_elf_image
                0x0000000001108018       0x3c common/built-in.o
                0x0000000001108018                valid_elf_image
 .text.do_bootelf
                0x0000000001108054      0x10c common/built-in.o
                0x0000000001108054                do_bootelf
 .text.do_bootvx
                0x0000000001108160      0x200 common/built-in.o
                0x0000000001108160                do_bootvx
 .text.load_elf_image_shdr
                0x0000000001108360       0x5b common/built-in.o
 .text.do_exit  0x00000000011083bb       0x24 common/built-in.o
 .text.do_ext4_load
                0x00000000011083df       0x1d common/built-in.o
                0x00000000011083df                do_ext4_load
 .text.do_ext4_ls
                0x00000000011083fc       0x1d common/built-in.o
                0x00000000011083fc                do_ext4_ls
 .text.do_ext4_write
                0x0000000001108419       0xf8 common/built-in.o
                0x0000000001108419                do_ext4_write
 .text.do_fat_fsload
                0x0000000001108511       0x1d common/built-in.o
                0x0000000001108511                do_fat_fsload
 .text.do_fat_ls
                0x000000000110852e       0x1d common/built-in.o
 .text.do_fat_fsinfo
                0x000000000110854b       0x8e common/built-in.o
 .text.do_fat_fswrite
                0x00000000011085d9      0x100 common/built-in.o
 .text.do_load_wrapper
                0x00000000011086d9       0x1d common/built-in.o
                0x00000000011086d9                do_load_wrapper
 .text.do_ls_wrapper
                0x00000000011086f6       0x1d common/built-in.o
                0x00000000011086f6                do_ls_wrapper
 .text.do_gettime
                0x0000000001108713       0x67 common/built-in.o
 .text.do_hash  0x000000000110877a       0x56 common/built-in.o
 .text.rstrip   0x00000000011087d0       0x25 common/built-in.o
 .text.find_char_or_comment
                0x00000000011087f5       0x2a common/built-in.o
 .text.ini_handler
                0x000000000110881f       0x44 common/built-in.o
 .text.do_ini   0x0000000001108863       0x6b common/built-in.o
 .text.ini_parse.constprop.1
                0x00000000011088ce      0x213 common/built-in.o
 .text.do_interrupts
                0x0000000001108ae1       0x37 common/built-in.o
 .text.evalexp  0x0000000001108b18       0x5a common/built-in.o
 .text.evalstr  0x0000000001108b72       0x47 common/built-in.o
 .text.binary_test
                0x0000000001108bb9      0x12d common/built-in.o
 .text.do_itest
                0x0000000001108ce6       0x70 common/built-in.o
 .text.do_load_serial
                0x0000000001108d56       0xb7 common/built-in.o
 .text.load_serial
                0x0000000001108e0d      0x183 common/built-in.o
 .text.do_load_serial_bin
                0x0000000001108f90      0x6fe common/built-in.o
 .text.bin_data_init
                0x000000000110968e       0x15 common/built-in.o
 .text.bin_data_char
                0x00000000011096a3       0x1b common/built-in.o
 .text.k_data_save
                0x00000000011096be       0x1f common/built-in.o
 .text.k_data_restore
                0x00000000011096dd       0x1f common/built-in.o
 .text.getcxmodem
                0x00000000011096fc       0x12 common/built-in.o
 .text.load_serial_ymodem
                0x000000000110970e       0xb6 common/built-in.o
 .text.chk1.constprop.1
                0x00000000011097c4       0x21 common/built-in.o
 .text.s1_sendpacket.constprop.2
                0x00000000011097e5       0x30 common/built-in.o
 .text.do_mem_md
                0x0000000001109815       0xb4 common/built-in.o
 .text.do_mem_mm
                0x00000000011098c9        0xa common/built-in.o
 .text.do_mem_nm
                0x00000000011098d3        0x7 common/built-in.o
 .text.do_mem_mw
                0x00000000011098da       0xa4 common/built-in.o
 .text.do_mem_cmp
                0x000000000110997e      0x164 common/built-in.o
 .text.do_mem_cp
                0x0000000001109ae2       0xbd common/built-in.o
 .text.do_mem_base
                0x0000000001109b9f       0x39 common/built-in.o
 .text.do_mem_loop
                0x0000000001109bd8       0xb6 common/built-in.o
 .text.do_mem_crc
                0x0000000001109c8e       0x33 common/built-in.o
 .text.board_show_dram
                0x0000000001109cc1       0x1c common/built-in.o
                0x0000000001109cc1                board_show_dram
 .text.do_mem_info
                0x0000000001109cdd       0x11 common/built-in.o
 .text.mod_mem.isra.2
                0x0000000001109cee      0x142 common/built-in.o
 .text.do_sleep
                0x0000000001109e30       0x52 common/built-in.o
 .text.do_timer
                0x0000000001109e82       0x7c common/built-in.o
 .text.do_mmcinfo
                0x0000000001109efe      0x18e common/built-in.o
 .text.do_mmcops
                0x000000000110a08c      0x718 common/built-in.o
 .text.do_part_info
                0x000000000110a7a4      0x105 common/built-in.o
                0x000000000110a7a4                do_part_info
 .text.do_part_find
                0x000000000110a8a9      0x168 common/built-in.o
                0x000000000110a8a9                do_part_find
 .text.do_part_uuid
                0x000000000110aa11       0x6f common/built-in.o
                0x000000000110aa11                do_part_uuid
 .text.do_part_list
                0x000000000110aa80       0x31 common/built-in.o
                0x000000000110aa80                do_part_list
 .text.do_part  0x000000000110aab1       0x8b common/built-in.o
                0x000000000110aab1                do_part
 .text.pciinfo  0x000000000110ab3c       0xfe common/built-in.o
                0x000000000110ab3c                pciinfo
 .text.pci_header_show_brief
                0x000000000110ac3a       0x7b common/built-in.o
                0x000000000110ac3a                pci_header_show_brief
 .text.pci_header_show
                0x000000000110acb5      0xa5c common/built-in.o
                0x000000000110acb5                pci_header_show
 .text.pci_cfg_write
                0x000000000110b711       0x2e common/built-in.o
 .text.do_pci   0x000000000110b73f      0x34a common/built-in.o
 .text.pci_cfg_modify.isra.0
                0x000000000110ba89      0x111 common/built-in.o
 .text.do_portio_out
                0x000000000110bb9a       0x82 common/built-in.o
                0x000000000110bb9a                do_portio_out
 .text.do_portio_in
                0x000000000110bc1c       0x9b common/built-in.o
                0x000000000110bc1c                do_portio_in
 .text.do_read  0x000000000110bcb7      0x142 common/built-in.o
                0x000000000110bcb7                do_read
 .text.do_reginfo
                0x000000000110bdf9        0x3 common/built-in.o
 .text.do_sha1sum
                0x000000000110bdfc       0x36 common/built-in.o
                0x000000000110bdfc                do_sha1sum
 .text.get_arg  0x000000000110be32       0x3b common/built-in.o
 .text.do_setexpr
                0x000000000110be6d       0xd5 common/built-in.o
 .text.do_test  0x000000000110bf42      0x28e common/built-in.o
 .text.do_false
                0x000000000110c1d0        0x6 common/built-in.o
 .text.do_true  0x000000000110c1d6        0x3 common/built-in.o
 .text.do_dfu   0x000000000110c1d9      0x129 common/built-in.o
 .text.extract_env
                0x000000000110c302       0xcc common/built-in.o
 .text.extract_val
                0x000000000110c3ce       0x6e common/built-in.o
 .text.do_gpt   0x000000000110c43c      0x3ec common/built-in.o
 .text.env_print
                0x000000000110c828       0xce common/built-in.o
 .text.do_env_print
                0x000000000110c8f6       0x99 common/built-in.o
 .text.do_env_grep
                0x000000000110c98f       0xbf common/built-in.o
 .text.setenv   0x000000000110ca4e       0x4f common/built-in.o
                0x000000000110ca4e                setenv
 .text.setenv_hex
                0x000000000110ca9d       0x2e common/built-in.o
                0x000000000110ca9d                setenv_hex
 .text.do_env_set
                0x000000000110cacb       0x14 common/built-in.o
 .text.do_env_ask
                0x000000000110cadf      0x121 common/built-in.o
                0x000000000110cadf                do_env_ask
 .text.print_static_binding
                0x000000000110cc00       0x1d common/built-in.o
 .text.print_active_callback
                0x000000000110cc1d       0x65 common/built-in.o
 .text.do_env_callback
                0x000000000110cc82      0x10f common/built-in.o
                0x000000000110cc82                do_env_callback
 .text.print_static_flags
                0x000000000110cd91       0x49 common/built-in.o
 .text.print_active_flags
                0x000000000110cdda       0x4a common/built-in.o
 .text.do_env_flags
                0x000000000110ce24      0x143 common/built-in.o
                0x000000000110ce24                do_env_flags
 .text.do_env_edit
                0x000000000110cf67       0x6e common/built-in.o
 .text.getenv   0x000000000110cfd5       0x95 common/built-in.o
                0x000000000110cfd5                getenv
 .text.getenv_f
                0x000000000110d06a       0xb5 common/built-in.o
                0x000000000110d06a                getenv_f
 .text.getenv_ulong
                0x000000000110d11f       0x1f common/built-in.o
                0x000000000110d11f                getenv_ulong
 .text.do_env_save
                0x000000000110d13e       0x29 common/built-in.o
 .text.envmatch
                0x000000000110d167       0x57 common/built-in.o
                0x000000000110d167                envmatch
 .text.do_env_default
                0x000000000110d1be       0x68 common/built-in.o
 .text.do_env_delete
                0x000000000110d226       0x68 common/built-in.o
 .text.do_env_export
                0x000000000110d28e      0x231 common/built-in.o
 .text.do_env_import
                0x000000000110d4bf      0x1e7 common/built-in.o
 .text.do_env_exists
                0x000000000110d6a6       0x61 common/built-in.o
 .text.do_env   0x000000000110d707       0x51 common/built-in.o
 .text._do_env_set.isra.0
                0x000000000110d758      0x17e common/built-in.o
 .text.__env_get_char_spec
                0x000000000110d8d6        0xe common/built-in.o
                0x000000000110d8d6                env_get_char_spec
 .text.env_get_char_memory
                0x000000000110d8e4        0x8 common/built-in.o
                0x000000000110d8e4                env_get_char_memory
 .text.env_get_char
                0x000000000110d8ec       0x2b common/built-in.o
                0x000000000110d8ec                env_get_char
 .text.env_get_addr
                0x000000000110d917       0x1e common/built-in.o
                0x000000000110d917                env_get_addr
 .text.getenv_yesno
                0x000000000110d935       0x2a common/built-in.o
                0x000000000110d935                getenv_yesno
 .text.getenv_default
                0x000000000110d95f       0x4e common/built-in.o
                0x000000000110d95f                getenv_default
 .text.set_default_env
                0x000000000110d9ad       0xa8 common/built-in.o
                0x000000000110d9ad                set_default_env
 .text.set_default_vars
                0x000000000110da55       0x32 common/built-in.o
                0x000000000110da55                set_default_vars
 .text.env_import
                0x000000000110da87       0xc8 common/built-in.o
                0x000000000110da87                env_import
 .text.env_relocate
                0x000000000110db4f       0x25 common/built-in.o
                0x000000000110db4f                env_relocate
 .text.env_complete
                0x000000000110db74       0xac common/built-in.o
                0x000000000110db74                env_complete
 .text.on_console
                0x000000000110dc20       0x96 common/built-in.o
 .text.console_setfile
                0x000000000110dcb6       0x8d common/built-in.o
 .text.serial_printf
                0x000000000110dd43       0x2f common/built-in.o
                0x000000000110dd43                serial_printf
 .text.fgetc    0x000000000110dd72       0x14 common/built-in.o
                0x000000000110dd72                fgetc
 .text.ftstc    0x000000000110dd86       0x14 common/built-in.o
                0x000000000110dd86                ftstc
 .text.fputc    0x000000000110dd9a       0x13 common/built-in.o
                0x000000000110dd9a                fputc
 .text.getc     0x000000000110ddad       0x27 common/built-in.o
                0x000000000110ddad                getc
 .text.tstc     0x000000000110ddd4       0x27 common/built-in.o
                0x000000000110ddd4                tstc
 .text.putc     0x000000000110ddfb       0x2f common/built-in.o
                0x000000000110ddfb                putc
 .text.puts     0x000000000110de2a       0x2a common/built-in.o
                0x000000000110de2a                puts
 .text.printf   0x000000000110de54       0x3d common/built-in.o
                0x000000000110de54                printf
 .text.vprintf  0x000000000110de91       0x34 common/built-in.o
                0x000000000110de91                vprintf
 .text.ctrlc    0x000000000110dec5       0x38 common/built-in.o
                0x000000000110dec5                ctrlc
 .text.had_ctrlc
                0x000000000110defd        0x6 common/built-in.o
                0x000000000110defd                had_ctrlc
 .text.clear_ctrlc
                0x000000000110df03        0xb common/built-in.o
                0x000000000110df03                clear_ctrlc
 .text.search_device
                0x000000000110df0e       0x18 common/built-in.o
                0x000000000110df0e                search_device
 .text.console_assign
                0x000000000110df26       0x32 common/built-in.o
                0x000000000110df26                console_assign
 .text.console_init_f
                0x000000000110df58       0x10 common/built-in.o
                0x000000000110df58                console_init_f
 .text.stdio_print_current_devices
                0x000000000110df68       0x9e common/built-in.o
                0x000000000110df68                stdio_print_current_devices
 .text.console_init_r
                0x000000000110e006       0x99 common/built-in.o
                0x000000000110e006                console_init_r
 .text.sbrk     0x000000000110e09f       0x3a common/built-in.o
                0x000000000110e09f                sbrk
 .text.mem_malloc_init
                0x000000000110e0d9       0x1c common/built-in.o
                0x000000000110e0d9                mem_malloc_init
 .text.malloc   0x000000000110e0f5      0x4f3 common/built-in.o
                0x000000000110e0f5                malloc
 .text.free     0x000000000110e5e8      0x1c2 common/built-in.o
                0x000000000110e5e8                free
 .text.realloc  0x000000000110e7aa      0x36c common/built-in.o
                0x000000000110e7aa                realloc
 .text.memalign
                0x000000000110eb16       0xcd common/built-in.o
                0x000000000110eb16                memalign
 .text.calloc   0x000000000110ebe3       0xb6 common/built-in.o
                0x000000000110ebe3                calloc
 .text.malloc_trim
                0x000000000110ec99       0x91 common/built-in.o
                0x000000000110ec99                malloc_trim
 .text.image_check_hcrc
                0x000000000110ed2a       0x41 common/built-in.o
                0x000000000110ed2a                image_check_hcrc
 .text.image_check_dcrc
                0x000000000110ed6b       0x34 common/built-in.o
                0x000000000110ed6b                image_check_dcrc
 .text.image_multi_count
                0x000000000110ed9f        0xf common/built-in.o
                0x000000000110ed9f                image_multi_count
 .text.image_multi_getimg
                0x000000000110edae       0x6a common/built-in.o
                0x000000000110edae                image_multi_getimg
 .text.image_print_contents
                0x000000000110ee18      0x184 common/built-in.o
                0x000000000110ee18                image_print_contents
 .text.on_loadaddr
                0x000000000110ef9c       0x1f common/built-in.o
 .text.memmove_wd
                0x000000000110efbb       0x3b common/built-in.o
                0x000000000110efbb                memmove_wd
 .text.genimg_print_size
                0x000000000110eff6       0x28 common/built-in.o
                0x000000000110eff6                genimg_print_size
 .text.get_table_entry_name
                0x000000000110f01e       0x19 common/built-in.o
                0x000000000110f01e                get_table_entry_name
 .text.genimg_get_os_name
                0x000000000110f037       0x12 common/built-in.o
                0x000000000110f037                genimg_get_os_name
 .text.genimg_get_arch_name
                0x000000000110f049       0x12 common/built-in.o
                0x000000000110f049                genimg_get_arch_name
 .text.genimg_get_type_name
                0x000000000110f05b       0x12 common/built-in.o
                0x000000000110f05b                genimg_get_type_name
 .text.genimg_get_comp_name
                0x000000000110f06d       0x12 common/built-in.o
                0x000000000110f06d                genimg_get_comp_name
 .text.genimg_get_format
                0x000000000110f07f       0x15 common/built-in.o
                0x000000000110f07f                genimg_get_format
 .text.genimg_get_image
                0x000000000110f094        0x1 common/built-in.o
                0x000000000110f094                genimg_get_image
 .text.boot_get_ramdisk
                0x000000000110f095      0x20a common/built-in.o
                0x000000000110f095                boot_get_ramdisk
 .text.get_effective_memsize
                0x000000000110f29f       0x11 common/built-in.o
                0x000000000110f29f                get_effective_memsize
 .text.stdio_get_list
                0x000000000110f2b0        0x6 common/built-in.o
                0x000000000110f2b0                stdio_get_list
 .text.stdio_get_by_name
                0x000000000110f2b6       0x34 common/built-in.o
                0x000000000110f2b6                stdio_get_by_name
 .text.stdio_clone
                0x000000000110f2ea       0x32 common/built-in.o
                0x000000000110f2ea                stdio_clone
 .text.stdio_register
                0x000000000110f31c       0x2b common/built-in.o
                0x000000000110f31c                stdio_register
 .text.stdio_init
                0x000000000110f347       0x6c common/built-in.o
                0x000000000110f347                stdio_init
 .text.get_dev  0x000000000110f3b3       0x48 disk/built-in.o
                0x000000000110f3b3                get_dev
 .text.dev_print
                0x000000000110f3fb      0x1c5 disk/built-in.o
                0x000000000110f3fb                dev_print
 .text.init_part
                0x000000000110f5c0       0x37 disk/built-in.o
                0x000000000110f5c0                init_part
 .text.print_part_header
                0x000000000110f5f7       0x83 disk/built-in.o
 .text.print_part
                0x000000000110f67a       0x59 disk/built-in.o
                0x000000000110f67a                print_part
 .text.get_partition_info
                0x000000000110f6d3       0x3a disk/built-in.o
                0x000000000110f6d3                get_partition_info
 .text.get_device
                0x000000000110f70d       0x7a disk/built-in.o
                0x000000000110f70d                get_device
 .text.get_device_and_partition
                0x000000000110f787      0x397 disk/built-in.o
                0x000000000110f787                get_device_and_partition
 .text.test_part_mac
                0x000000000110fb1e       0x61 disk/built-in.o
                0x000000000110fb1e                test_part_mac
 .text.print_part_mac
                0x000000000110fb7f      0x1e3 disk/built-in.o
                0x000000000110fb7f                print_part_mac
 .text.part_mac_read_ddb
                0x000000000110fd62       0x3b disk/built-in.o
 .text.get_partition_info_mac
                0x000000000110fd9d      0x11f disk/built-in.o
                0x000000000110fd9d                get_partition_info_mac
 .text.test_block_type
                0x000000000110febc       0x5f disk/built-in.o
 .text.test_part_dos
                0x000000000110ff1b       0x4d disk/built-in.o
                0x000000000110ff1b                test_part_dos
 .text.print_partition_extended
                0x000000000110ff68      0x22d disk/built-in.o
 .text.get_partition_info_extended
                0x0000000001110195      0x2e8 disk/built-in.o
 .text.print_part_dos
                0x000000000111047d       0x31 disk/built-in.o
                0x000000000111047d                print_part_dos
 .text.get_partition_info_dos
                0x00000000011104ae       0x27 disk/built-in.o
                0x00000000011104ae                get_partition_info_dos
 .text.print_efiname
                0x00000000011104d5       0x33 disk/built-in.o
 .text.print_part_efi
                0x0000000001110508      0x16d disk/built-in.o
                0x0000000001110508                print_part_efi
 .text.get_partition_info_efi
                0x0000000001110675      0x141 disk/built-in.o
                0x0000000001110675                get_partition_info_efi
 .text.test_part_efi
                0x00000000011107b6       0xa2 disk/built-in.o
                0x00000000011107b6                test_part_efi
 .text.set_protective_mbr
                0x0000000001110858       0xb5 disk/built-in.o
 .text.write_gpt_table
                0x000000000111090d      0x111 disk/built-in.o
                0x000000000111090d                write_gpt_table
 .text.gpt_fill_pte
                0x0000000001110a1e      0x167 disk/built-in.o
                0x0000000001110a1e                gpt_fill_pte
 .text.gpt_fill_header
                0x0000000001110b85       0x9d disk/built-in.o
                0x0000000001110b85                gpt_fill_header
 .text.gpt_restore
                0x0000000001110c22       0xe0 disk/built-in.o
                0x0000000001110c22                gpt_restore
 .text.is_pte_valid
                0x0000000001110d02       0x4f disk/built-in.o
 .text.is_gpt_valid.constprop.1
                0x0000000001110d51      0x25b disk/built-in.o
 .text.intel_scu_ipc_send_command
                0x0000000001110fac        0x9 drivers/built-in.o
                0x0000000001110fac                intel_scu_ipc_send_command
 .text.intel_scu_ipc_check_status
                0x0000000001110fb5       0x57 drivers/built-in.o
                0x0000000001110fb5                intel_scu_ipc_check_status
 .text.intel_scu_ipc_simple_command
                0x000000000111100c       0x13 drivers/built-in.o
                0x000000000111100c                intel_scu_ipc_simple_command
 .text.intel_scu_ipc_raw_cmd
                0x000000000111101f       0x9f drivers/built-in.o
                0x000000000111101f                intel_scu_ipc_raw_cmd
 .text.intel_scu_ipc_command
                0x00000000011110be       0x36 drivers/built-in.o
                0x00000000011110be                intel_scu_ipc_command
 .text.dfu_reset
                0x00000000011110f4        0x6 drivers/built-in.o
                0x00000000011110f4                dfu_reset
 .text.dfu_trigger_reset
                0x00000000011110fa        0x8 drivers/built-in.o
                0x00000000011110fa                dfu_trigger_reset
 .text.dfu_enum_done
                0x0000000001111102        0x6 drivers/built-in.o
                0x0000000001111102                dfu_enum_done
 .text.dfu_trigger_enum_done
                0x0000000001111108        0x8 drivers/built-in.o
                0x0000000001111108                dfu_trigger_enum_done
 .text.dfu_init_env_entities
                0x0000000001111110       0x98 drivers/built-in.o
                0x0000000001111110                dfu_init_env_entities
 .text.dfu_free_buf
                0x00000000011111a8       0x17 drivers/built-in.o
                0x00000000011111a8                dfu_free_buf
 .text.dfu_get_buf_size
                0x00000000011111bf        0x6 drivers/built-in.o
                0x00000000011111bf                dfu_get_buf_size
 .text.dfu_get_buf
                0x00000000011111c5       0x6d drivers/built-in.o
                0x00000000011111c5                dfu_get_buf
 .text.dfu_write_buffer_drain
                0x0000000001111232       0x68 drivers/built-in.o
 .text.dfu_flush
                0x000000000111129a       0x68 drivers/built-in.o
                0x000000000111129a                dfu_flush
 .text.dfu_write
                0x0000000001111302      0x12b drivers/built-in.o
                0x0000000001111302                dfu_write
 .text.dfu_read
                0x000000000111142d      0x230 drivers/built-in.o
                0x000000000111142d                dfu_read
 .text.dfu_free_entities
                0x000000000111165d       0x67 drivers/built-in.o
                0x000000000111165d                dfu_free_entities
 .text.dfu_config_entities
                0x00000000011116c4      0x138 drivers/built-in.o
                0x00000000011116c4                dfu_config_entities
 .text.dfu_get_dev_type
                0x00000000011117fc       0x1c drivers/built-in.o
                0x00000000011117fc                dfu_get_dev_type
 .text.dfu_get_layout
                0x0000000001111818       0x1c drivers/built-in.o
                0x0000000001111818                dfu_get_layout
 .text.dfu_show_entities
                0x0000000001111834       0x5e drivers/built-in.o
                0x0000000001111834                dfu_show_entities
 .text.dfu_get_alt_number
                0x0000000001111892        0x6 drivers/built-in.o
                0x0000000001111892                dfu_get_alt_number
 .text.dfu_get_entity
                0x0000000001111898       0x24 drivers/built-in.o
                0x0000000001111898                dfu_get_entity
 .text.mmc_block_op
                0x00000000011118bc      0x1a2 drivers/built-in.o
 .text.mmc_file_op
                0x0000000001111a5e      0x147 drivers/built-in.o
 .text.dfu_write_medium_mmc
                0x0000000001111ba5       0x9e drivers/built-in.o
                0x0000000001111ba5                dfu_write_medium_mmc
 .text.dfu_flush_medium_mmc
                0x0000000001111c43       0x2e drivers/built-in.o
                0x0000000001111c43                dfu_flush_medium_mmc
 .text.dfu_read_medium_mmc
                0x0000000001111c71       0x79 drivers/built-in.o
                0x0000000001111c71                dfu_read_medium_mmc
 .text.dfu_fill_entity_mmc
                0x0000000001111cea      0x249 drivers/built-in.o
                0x0000000001111cea                dfu_fill_entity_mmc
 .text.mmc_access_part.isra.0
                0x0000000001111f33       0x57 drivers/built-in.o
 .text.dfu_write_medium_ram
                0x0000000001111f8a       0x93 drivers/built-in.o
 .text.dfu_read_medium_ram
                0x000000000111201d       0xa0 drivers/built-in.o
 .text.dfu_fill_entity_ram
                0x00000000011120bd       0xb6 drivers/built-in.o
                0x00000000011120bd                dfu_fill_entity_ram
 .text.board_mmc_getwp
                0x0000000001112173        0x4 drivers/mmc/built-in.o
                0x0000000001112173                board_mmc_getwp
 .text.mmc_getwp
                0x0000000001112177       0x23 drivers/mmc/built-in.o
                0x0000000001112177                mmc_getwp
 .text.__board_mmc_getcd
                0x000000000111219a        0x4 drivers/mmc/built-in.o
                0x000000000111219a                __board_mmc_getcd
                0x000000000111219a                board_mmc_getcd
 .text.mmc_send_cmd
                0x000000000111219e        0xb drivers/mmc/built-in.o
                0x000000000111219e                mmc_send_cmd
 .text.mmc_send_status
                0x00000000011121a9       0xa3 drivers/mmc/built-in.o
                0x00000000011121a9                mmc_send_status
 .text.mmc_set_blocklen
                0x000000000111224c       0x22 drivers/mmc/built-in.o
                0x000000000111224c                mmc_set_blocklen
 .text.find_mmc_device
                0x000000000111226e       0x36 drivers/mmc/built-in.o
                0x000000000111226e                find_mmc_device
 .text.mmc_bread
                0x00000000011122a4      0x146 drivers/mmc/built-in.o
 .text.mmc_go_idle
                0x00000000011123ea       0x48 drivers/mmc/built-in.o
 .text.mmc_send_op_cond_iter
                0x0000000001112432       0x6a drivers/mmc/built-in.o
 .text.mmc_send_op_cond
                0x000000000111249c       0x53 drivers/mmc/built-in.o
                0x000000000111249c                mmc_send_op_cond
 .text.mmc_complete_op_cond
                0x00000000011124ef       0x76 drivers/mmc/built-in.o
                0x00000000011124ef                mmc_complete_op_cond
 .text.mmc_send_ext_csd
                0x0000000001112565       0x44 drivers/mmc/built-in.o
 .text.mmc_set_capacity
                0x00000000011125a9       0x86 drivers/mmc/built-in.o
 .text.mmc_switch_part
                0x000000000111262f       0x40 drivers/mmc/built-in.o
                0x000000000111262f                mmc_switch_part
 .text.mmc_getcd
                0x000000000111266f       0x26 drivers/mmc/built-in.o
                0x000000000111266f                mmc_getcd
 .text.mmc_set_ios
                0x0000000001112695       0x10 drivers/mmc/built-in.o
 .text.mmc_set_clock
                0x00000000011126a5       0x1f drivers/mmc/built-in.o
                0x00000000011126a5                mmc_set_clock
 .text.mmc_startup
                0x00000000011126c4      0xad7 drivers/mmc/built-in.o
 .text.mmc_create
                0x000000000111319b       0xd9 drivers/mmc/built-in.o
                0x000000000111319b                mmc_create
 .text.mmc_get_dev
                0x0000000001113274       0x21 drivers/mmc/built-in.o
                0x0000000001113274                mmc_get_dev
 .text.mmc_start_init
                0x0000000001113295      0x1d2 drivers/mmc/built-in.o
                0x0000000001113295                mmc_start_init
 .text.mmc_init
                0x0000000001113467       0x6a drivers/mmc/built-in.o
                0x0000000001113467                mmc_init
 .text.mmc_set_dsr
                0x00000000011134d1        0x9 drivers/mmc/built-in.o
                0x00000000011134d1                mmc_set_dsr
 .text.__def_mmc_init
                0x00000000011134da        0x4 drivers/mmc/built-in.o
                0x00000000011134da                cpu_mmc_init
 .text.print_mmc_devices
                0x00000000011134de       0x63 drivers/mmc/built-in.o
                0x00000000011134de                print_mmc_devices
 .text.get_mmc_num
                0x0000000001113541        0x6 drivers/mmc/built-in.o
                0x0000000001113541                get_mmc_num
 .text.mmc_initialize
                0x0000000001113547       0x61 drivers/mmc/built-in.o
                0x0000000001113547                mmc_initialize
 .text.mmc_boot_partition_size_change
                0x00000000011135a8       0xa9 drivers/mmc/built-in.o
                0x00000000011135a8                mmc_boot_partition_size_change
 .text.mmc_set_boot_bus_width
                0x0000000001113651       0x1c drivers/mmc/built-in.o
                0x0000000001113651                mmc_set_boot_bus_width
 .text.mmc_set_part_conf
                0x000000000111366d       0x19 drivers/mmc/built-in.o
                0x000000000111366d                mmc_set_part_conf
 .text.mmc_set_rst_n_function
                0x0000000001113686        0xd drivers/mmc/built-in.o
                0x0000000001113686                mmc_set_rst_n_function
 .text.mmc_switch.isra.1
                0x0000000001113693       0x44 drivers/mmc/built-in.o
 .text.sdhci_reset
                0x00000000011136d7       0x59 drivers/mmc/built-in.o
 .text.sdhci_send_command
                0x0000000001113730      0x417 drivers/mmc/built-in.o
                0x0000000001113730                sdhci_send_command
 .text.sdhci_set_ios
                0x0000000001113b47      0x164 drivers/mmc/built-in.o
                0x0000000001113b47                sdhci_set_ios
 .text.sdhci_init
                0x0000000001113cab      0x132 drivers/mmc/built-in.o
                0x0000000001113cab                sdhci_init
 .text.add_sdhci
                0x0000000001113ddd      0x146 drivers/mmc/built-in.o
                0x0000000001113ddd                add_sdhci
 .text.tangier_sdhci_init
                0x0000000001113f23       0x7a drivers/mmc/built-in.o
                0x0000000001113f23                tangier_sdhci_init
 .text.mmc_berase
                0x0000000001113f9d      0x173 drivers/mmc/built-in.o
                0x0000000001113f9d                mmc_berase
 .text.mmc_bwrite
                0x0000000001114110      0x148 drivers/mmc/built-in.o
                0x0000000001114110                mmc_bwrite
 .text.pci_hose_read_config_byte
                0x0000000001114258       0x16 drivers/pci/built-in.o
                0x0000000001114258                pci_hose_read_config_byte
 .text.pci_hose_read_config_word
                0x000000000111426e       0x16 drivers/pci/built-in.o
                0x000000000111426e                pci_hose_read_config_word
 .text.pci_hose_read_config_dword
                0x0000000001114284       0x16 drivers/pci/built-in.o
                0x0000000001114284                pci_hose_read_config_dword
 .text.pci_hose_write_config_byte
                0x000000000111429a       0x17 drivers/pci/built-in.o
                0x000000000111429a                pci_hose_write_config_byte
 .text.pci_hose_write_config_word
                0x00000000011142b1       0x17 drivers/pci/built-in.o
                0x00000000011142b1                pci_hose_write_config_word
 .text.pci_hose_write_config_dword
                0x00000000011142c8       0x16 drivers/pci/built-in.o
                0x00000000011142c8                pci_hose_write_config_dword
 .text.pci_read_config_byte
                0x00000000011142de       0x32 drivers/pci/built-in.o
                0x00000000011142de                pci_read_config_byte
 .text.pci_read_config_word
                0x0000000001114310       0x34 drivers/pci/built-in.o
                0x0000000001114310                pci_read_config_word
 .text.pci_read_config_dword
                0x0000000001114344       0x35 drivers/pci/built-in.o
                0x0000000001114344                pci_read_config_dword
 .text.pci_write_config_byte
                0x0000000001114379       0x3a drivers/pci/built-in.o
                0x0000000001114379                pci_write_config_byte
 .text.pci_write_config_word
                0x00000000011143b3       0x32 drivers/pci/built-in.o
                0x00000000011143b3                pci_write_config_word
 .text.pci_write_config_dword
                0x00000000011143e5       0x2f drivers/pci/built-in.o
                0x00000000011143e5                pci_write_config_dword
 .text.pci_register_hose
                0x0000000001114414       0x1e drivers/pci/built-in.o
                0x0000000001114414                pci_register_hose
 .text.pci_bus_to_hose
                0x0000000001114432       0x2c drivers/pci/built-in.o
                0x0000000001114432                pci_bus_to_hose
 .text.pci_find_config
                0x000000000111445e       0x6a drivers/pci/built-in.o
                0x000000000111445e                pci_find_config
 .text.pci_class_str
                0x00000000011144c8       0xcd drivers/pci/built-in.o
                0x00000000011144c8                pci_class_str
 .text.__pci_skip_dev
                0x0000000001114595        0xf drivers/pci/built-in.o
                0x0000000001114595                __pci_skip_dev
                0x0000000001114595                pci_skip_dev
 .text.pci_hose_scan_bus
                0x00000000011145a4      0x146 drivers/pci/built-in.o
                0x00000000011145a4                pci_hose_scan_bus
 .text.pci_hose_scan
                0x00000000011146ea       0x1c drivers/pci/built-in.o
                0x00000000011146ea                pci_hose_scan
 .text.pci_init
                0x0000000001114706        0xf drivers/pci/built-in.o
                0x0000000001114706                pci_init
 .text.serial_null
                0x0000000001114715        0x1 drivers/serial/built-in.o
                0x0000000001114715                jz_serial_initialize
                0x0000000001114715                bfin_serial_initialize
                0x0000000001114715                p3mx_serial_initialize
                0x0000000001114715                leon2_serial_initialize
                0x0000000001114715                leon3_serial_initialize
                0x0000000001114715                amirix_serial_initialize
                0x0000000001114715                marvell_serial_initialize
                0x0000000001114715                cpci750_serial_initialize
                0x0000000001114715                ns16550_serial_initialize
                0x0000000001114715                asc_serial_initialize
                0x0000000001114715                altera_serial_initialize
                0x0000000001114715                oc_serial_initialize
                0x0000000001114715                sh_serial_initialize
                0x0000000001114715                mxs_auart_initialize
                0x0000000001114715                arm_dcc_initialize
                0x0000000001114715                bmw_serial_initialize
                0x0000000001114715                arc_serial_initialize
                0x0000000001114715                mcf_serial_initialize
                0x0000000001114715                lh7a40x_serial_initialize
                0x0000000001114715                evb64260_serial_initialize
                0x0000000001114715                lpc32xx_serial_initialize
                0x0000000001114715                max3100_serial_initialize
                0x0000000001114715                mpc85xx_serial_initialize
                0x0000000001114715                imx_serial_initialize
                0x0000000001114715                bfin_jtag_initialize
                0x0000000001114715                cogent_serial_initialize
                0x0000000001114715                clps7111_serial_initialize
                0x0000000001114715                ml2_serial_initialize
                0x0000000001114715                sandbox_serial_initialize
                0x0000000001114715                s3c24xx_serial_initialize
                0x0000000001114715                sconsole_serial_initialize
                0x0000000001114715                uartlite_serial_initialize
                0x0000000001114715                au1x00_serial_initialize
                0x0000000001114715                pxa_serial_initialize
                0x0000000001114715                atmel_serial_initialize
                0x0000000001114715                pl01x_serial_initialize
                0x0000000001114715                altera_jtag_serial_initialize
                0x0000000001114715                zynq_serial_initalize
                0x0000000001114715                mpc512x_serial_initialize
                0x0000000001114715                s5p_serial_initialize
                0x0000000001114715                ks8695_serial_initialize
                0x0000000001114715                sa1100_serial_initialize
                0x0000000001114715                mpc8260_scc_serial_initialize
                0x0000000001114715                mxc_serial_initialize
                0x0000000001114715                iop480_serial_initialize
                0x0000000001114715                mpc8xx_serial_initialize
                0x0000000001114715                mpc8260_smc_serial_initialize
                0x0000000001114715                mpc5xx_serial_initialize
 .text.on_baudrate
                0x0000000001114716       0xd3 drivers/serial/built-in.o
 .text.serial_initialize
                0x00000000011147e9       0xfa drivers/serial/built-in.o
                0x00000000011147e9                serial_initialize
 .text.serial_stdio_init
                0x00000000011148e3       0x69 drivers/serial/built-in.o
                0x00000000011148e3                serial_stdio_init
 .text.serial_assign
                0x000000000111494c       0x30 drivers/serial/built-in.o
                0x000000000111494c                serial_assign
 .text.get_current
                0x000000000111497c       0x2d drivers/serial/built-in.o
 .text.serial_init
                0x00000000011149a9        0x9 drivers/serial/built-in.o
                0x00000000011149a9                serial_init
 .text.serial_setbrg
                0x00000000011149b2        0x9 drivers/serial/built-in.o
                0x00000000011149b2                serial_setbrg
 .text.serial_getc
                0x00000000011149bb        0x9 drivers/serial/built-in.o
                0x00000000011149bb                serial_getc
 .text.serial_tstc
                0x00000000011149c4        0x9 drivers/serial/built-in.o
                0x00000000011149c4                serial_tstc
 .text.serial_putc
                0x00000000011149cd       0x12 drivers/serial/built-in.o
                0x00000000011149cd                serial_putc
 .text.serial_puts
                0x00000000011149df       0x11 drivers/serial/built-in.o
                0x00000000011149df                serial_puts
 .text.serial_init_dev
                0x00000000011149f0       0x66 drivers/serial/built-in.o
 .text._serial_getc
                0x0000000001114a56       0x26 drivers/serial/built-in.o
                0x0000000001114a56                _serial_getc
 .text._serial_putc
                0x0000000001114a7c       0x2d drivers/serial/built-in.o
                0x0000000001114a7c                _serial_putc
 .text._serial_puts
                0x0000000001114aa9       0x1a drivers/serial/built-in.o
                0x0000000001114aa9                _serial_puts
 .text.tng_serial0_init
                0x0000000001114ac3        0x7 drivers/serial/built-in.o
                0x0000000001114ac3                tng_serial0_init
 .text.tng_serial0_shutdown
                0x0000000001114aca       0x32 drivers/serial/built-in.o
                0x0000000001114aca                tng_serial0_shutdown
 .text.tng_serial0_setbrg
                0x0000000001114afc        0x1 drivers/serial/built-in.o
                0x0000000001114afc                tng_serial0_setbrg
 .text.tng_serial0_getc
                0x0000000001114afd        0x7 drivers/serial/built-in.o
                0x0000000001114afd                tng_serial0_getc
 .text.tng_serial0_tstc
                0x0000000001114b04        0x9 drivers/serial/built-in.o
                0x0000000001114b04                tng_serial0_tstc
 .text.tng_serial0_putc
                0x0000000001114b0d        0xa drivers/serial/built-in.o
                0x0000000001114b0d                tng_serial0_putc
 .text.tng_serial0_puts
                0x0000000001114b17        0x7 drivers/serial/built-in.o
                0x0000000001114b17                tng_serial0_puts
 .text.tng_serial1_init
                0x0000000001114b1e        0xa drivers/serial/built-in.o
                0x0000000001114b1e                tng_serial1_init
 .text.tng_serial1_shutdown
                0x0000000001114b28       0x32 drivers/serial/built-in.o
                0x0000000001114b28                tng_serial1_shutdown
 .text.tng_serial1_setbrg
                0x0000000001114b5a        0x1 drivers/serial/built-in.o
                0x0000000001114b5a                tng_serial1_setbrg
 .text.tng_serial1_getc
                0x0000000001114b5b        0xa drivers/serial/built-in.o
                0x0000000001114b5b                tng_serial1_getc
 .text.tng_serial1_tstc
                0x0000000001114b65        0x9 drivers/serial/built-in.o
                0x0000000001114b65                tng_serial1_tstc
 .text.tng_serial1_putc
                0x0000000001114b6e        0xd drivers/serial/built-in.o
                0x0000000001114b6e                tng_serial1_putc
 .text.tng_serial1_puts
                0x0000000001114b7b        0xa drivers/serial/built-in.o
                0x0000000001114b7b                tng_serial1_puts
 .text.tng_serial2_init
                0x0000000001114b85        0xa drivers/serial/built-in.o
                0x0000000001114b85                tng_serial2_init
 .text.tng_serial2_shutdown
                0x0000000001114b8f       0x32 drivers/serial/built-in.o
                0x0000000001114b8f                tng_serial2_shutdown
 .text.tng_serial2_setbrg
                0x0000000001114bc1        0x1 drivers/serial/built-in.o
                0x0000000001114bc1                tng_serial2_setbrg
 .text.tng_serial2_getc
                0x0000000001114bc2        0xa drivers/serial/built-in.o
                0x0000000001114bc2                tng_serial2_getc
 .text.tng_serial2_tstc
                0x0000000001114bcc        0x9 drivers/serial/built-in.o
                0x0000000001114bcc                tng_serial2_tstc
 .text.tng_serial2_putc
                0x0000000001114bd5        0xd drivers/serial/built-in.o
                0x0000000001114bd5                tng_serial2_putc
 .text.tng_serial2_puts
                0x0000000001114be2        0xa drivers/serial/built-in.o
                0x0000000001114be2                tng_serial2_puts
 .text.default_serial_console
                0x0000000001114bec        0x6 drivers/serial/built-in.o
                0x0000000001114bec                default_serial_console
 .text.dwc3_set_mode
                0x0000000001114bf2       0x1b drivers/usb/dwc3/built-in.o
                0x0000000001114bf2                dwc3_set_mode
 .text.dwc3_free_event_buffers
                0x0000000001114c0d       0x38 drivers/usb/dwc3/built-in.o
 .text.dwc3_event_buffers_cleanup
                0x0000000001114c45       0x56 drivers/usb/dwc3/built-in.o
 .text.dwc3_probe
                0x0000000001114c9b      0x42f drivers/usb/dwc3/built-in.o
                0x0000000001114c9b                dwc3_probe
 .text.usb_gadget_init_udc
                0x00000000011150ca        0x7 drivers/usb/dwc3/built-in.o
                0x00000000011150ca                usb_gadget_init_udc
 .text.usb_gadget_handle_interrupts
                0x00000000011150d1       0x15 drivers/usb/dwc3/built-in.o
                0x00000000011150d1                usb_gadget_handle_interrupts
 .text.dwc3_ep0_start_trans
                0x00000000011150e6       0xfd drivers/usb/dwc3/built-in.o
 .text.__dwc3_gadget_ep0_queue
                0x00000000011151e3       0xe1 drivers/usb/dwc3/built-in.o
 .text.dwc3_gadget_ep0_queue
                0x00000000011152c4       0x1f drivers/usb/dwc3/built-in.o
                0x00000000011152c4                dwc3_gadget_ep0_queue
 .text.dwc3_ep0_stall_and_restart
                0x00000000011152e3       0x4d drivers/usb/dwc3/built-in.o
 .text.dwc3_ep0_out_start
                0x0000000001115330       0x48 drivers/usb/dwc3/built-in.o
                0x0000000001115330                dwc3_ep0_out_start
 .text.dwc3_ep0_status_cmpl
                0x0000000001115378        0x1 drivers/usb/dwc3/built-in.o
 .text.dwc3_ep0_handle_feature
                0x0000000001115379       0xd0 drivers/usb/dwc3/built-in.o
 .text.dwc3_ep0_delegate_req
                0x0000000001115449        0xf drivers/usb/dwc3/built-in.o
 .text.dwc3_ep0_do_control_status
                0x0000000001115458       0x62 drivers/usb/dwc3/built-in.o
 .text.dwc3_ep0_interrupt
                0x00000000011154ba      0x553 drivers/usb/dwc3/built-in.o
                0x00000000011154ba                dwc3_ep0_interrupt
 .text.dwc3_map_buffer_to_dma
                0x0000000001115a0d       0x16 drivers/usb/dwc3/built-in.o
                0x0000000001115a0d                dwc3_map_buffer_to_dma
 .text.dwc3_unmap_buffer_from_dma
                0x0000000001115a23       0x1c drivers/usb/dwc3/built-in.o
                0x0000000001115a23                dwc3_unmap_buffer_from_dma
 .text.dwc3_gadget_giveback
                0x0000000001115a3f       0x62 drivers/usb/dwc3/built-in.o
                0x0000000001115a3f                dwc3_gadget_giveback
 .text.dwc3_send_gadget_ep_cmd
                0x0000000001115aa1       0x84 drivers/usb/dwc3/built-in.o
                0x0000000001115aa1                dwc3_send_gadget_ep_cmd
 .text.dwc3_remove_requests
                0x0000000001115b25       0x33 drivers/usb/dwc3/built-in.o
 .text.__dwc3_gadget_ep_disable
                0x0000000001115b58       0x51 drivers/usb/dwc3/built-in.o
 .text.dwc3_gadget_ep0_enable
                0x0000000001115ba9        0x6 drivers/usb/dwc3/built-in.o
 .text.dwc3_gadget_ep0_disable
                0x0000000001115baf        0x6 drivers/usb/dwc3/built-in.o
 .text.dwc3_gadget_ep_enable
                0x0000000001115bb5       0xd7 drivers/usb/dwc3/built-in.o
 .text.dwc3_gadget_ep_disable
                0x0000000001115c8c       0xae drivers/usb/dwc3/built-in.o
 .text.dwc3_gadget_ep_alloc_request
                0x0000000001115d3a       0x47 drivers/usb/dwc3/built-in.o
 .text.dwc3_gadget_ep_free_request
                0x0000000001115d81        0x7 drivers/usb/dwc3/built-in.o
 .text.dwc3_prepare_trbs