Archive member included because of file (symbol)

arch/x86/lib/libgcc.a(_divdi3.o)
                              arch/x86/lib/built-in.o (__normal___divdi3)
arch/x86/lib/libgcc.a(_moddi3.o)
                              arch/x86/lib/built-in.o (__normal___moddi3)
arch/x86/lib/libgcc.a(_udivdi3.o)
                              arch/x86/lib/built-in.o (__normal___udivdi3)
arch/x86/lib/libgcc.a(_umoddi3.o)
                              arch/x86/lib/built-in.o (__normal___umoddi3)

Allocating common symbols
Common symbol       size              file

ext_fs              0x48              fs/built-in.o
console_buffer      0x801             common/built-in.o
registered_devices  0x4               drivers/usb/gadget/built-in.o
idt_ptr             0x8               arch/x86/cpu/built-in.o
dirty_block_ptr     0x190             fs/built-in.o
part_offset         0x4               fs/built-in.o
monitor_flash_len   0x4               common/built-in.o
save_addr           0x4               common/built-in.o
registered_functions
                    0x4               drivers/usb/gadget/built-in.o
___strtok           0x4               lib/built-in.o
ext4fs_indir1_size  0x4               fs/built-in.o
ext4fs_indir2_block
                    0x4               fs/built-in.o
ext4fs_indir3_block
                    0x4               fs/built-in.o
journal_ptr         0x190             fs/built-in.o
gindex              0x4               fs/built-in.o
env_ptr             0x4               common/built-in.o
ext4fs_symlinknest  0x4               fs/built-in.o
bd_data             0x5c              arch/x86/lib/built-in.o
usb_devices         0x4               drivers/usb/gadget/built-in.o
images              0x90              common/built-in.o
gd_index            0x4               fs/built-in.o
global_dwc3         0x4               drivers/usb/dwc3/built-in.o
do_fat_read_at_block
                    0x10000           fs/built-in.o
ext4fs_indir3_size  0x4               fs/built-in.o
g_parent_inode      0x4               fs/built-in.o
ext4fs_indir2_size  0x4               fs/built-in.o
ext4fs_indir1_block
                    0x4               fs/built-in.o
save_size           0x4               common/built-in.o
idt                 0x800             arch/x86/cpu/built-in.o
usb_strings         0x4               drivers/usb/gadget/built-in.o
ext4fs_file         0x4               fs/built-in.o
get_dentfromdir_block
                    0x10000           fs/built-in.o
aligned_buffer      0x4               drivers/mmc/built-in.o
ext4fs_root         0x4               fs/built-in.o
get_contents_vfatname_block
                    0x10000           fs/built-in.o
jrnl_blk_idx        0x4               fs/built-in.o

Discarded input sections

 .data          0x0000000000000000        0x0 arch/x86/cpu/start.o
 .bss           0x0000000000000000        0x0 arch/x86/cpu/start.o
 .text          0x0000000000000000        0x0 arch/x86/cpu/built-in.o
 .text.set_vector
                0x0000000000000000       0x19 arch/x86/cpu/built-in.o
 .text.__do_irq
                0x0000000000000000       0x17 arch/x86/cpu/built-in.o
 .text.x86_cleanup_before_linux
                0x0000000000000000        0x3 arch/x86/cpu/built-in.o
 .text.x86_cpu_init_f
                0x0000000000000000       0x11 arch/x86/cpu/built-in.o
 .text.__reset_cpu
                0x0000000000000000       0x31 arch/x86/cpu/built-in.o
 .text.flush_dcache_range
                0x0000000000000000        0x1 arch/x86/cpu/built-in.o
 .text.invalidate_dcache_range
                0x0000000000000000        0x1 arch/x86/cpu/built-in.o
 .eh_frame      0x0000000000000000      0x284 arch/x86/cpu/built-in.o
 .data          0x0000000000000000        0x0 arch/x86/cpu/built-in.o
 .bss           0x0000000000000000        0x0 arch/x86/cpu/built-in.o
 .text.board_early_init_f
                0x0000000000000000        0x3 arch/x86/cpu/tangier/built-in.o
 .text.last_stage_init
                0x0000000000000000        0x3 arch/x86/cpu/tangier/built-in.o
 .text.panic_puts
                0x0000000000000000        0x1 arch/x86/cpu/tangier/built-in.o
 .text.dram_init
                0x0000000000000000        0x5 arch/x86/cpu/tangier/built-in.o
 .text.get_coreboot_info
                0x0000000000000000        0x3 arch/x86/cpu/tangier/built-in.o
 .eh_frame      0x0000000000000000      0x208 arch/x86/cpu/tangier/built-in.o
 .text          0x0000000000000000        0x0 arch/x86/lib/built-in.o
 .text.__wrap___divdi3
                0x0000000000000000       0x27 arch/x86/lib/built-in.o
 .text.__wrap___moddi3
                0x0000000000000000       0x27 arch/x86/lib/built-in.o
 .text.__wrap___umoddi3
                0x0000000000000000       0x27 arch/x86/lib/built-in.o
 .text.board_get_usable_ram_top
                0x0000000000000000        0xa arch/x86/lib/built-in.o
 .text.init_bd_struct_r
                0x0000000000000000       0x23 arch/x86/lib/built-in.o
 .text.init_func_spi
[...]
Memory Configuration

Name             Origin             Length             Attributes
*default*        0x0000000000000000 0xffffffffffffffff

Linker script and memory map

Address of section .text set to 0x1101000
                0x0000000001101000                . = 0x1101000
                0x0000000001101000                __text_start = .

.text           0x0000000001101000    0x255ef
 *(.text*)
 .text          0x0000000001101000       0xb4 arch/x86/cpu/start.o
                0x0000000001101000                _x86boot_start
                0x0000000001101015                _start
                0x0000000001101025                early_board_init_ret
                0x000000000110102a                car_init_ret
                0x0000000001101057                board_init_f_r_trampoline
 .text.dump_regs
                0x00000000011010b4      0x16c arch/x86/cpu/built-in.o
                0x00000000011010b4                dump_regs
 .text.cpu_init_interrupts
                0x0000000001101220       0x7e arch/x86/cpu/built-in.o
                0x0000000001101220                cpu_init_interrupts
 .text.enable_interrupts
                0x000000000110129e        0x2 arch/x86/cpu/built-in.o
                0x000000000110129e                enable_interrupts
 .text.disable_interrupts
                0x00000000011012a0        0x9 arch/x86/cpu/built-in.o
                0x00000000011012a0                disable_interrupts
 .text.irq_llsr
                0x00000000011012a9      0x9ae arch/x86/cpu/built-in.o
                0x00000000011012a9                irq_llsr
                0x00000000011013a8                irq_common_entry
                0x00000000011013d7                irq_0
                0x00000000011013de                irq_1
                0x00000000011013e5                irq_2
                0x00000000011013ec                irq_3
                0x00000000011013f3                irq_4
                0x00000000011013fa                irq_5
                0x0000000001101401                irq_6
                0x0000000001101408                irq_7
                0x000000000110140f                irq_8
                0x0000000001101416                irq_9
                0x000000000110141d                irq_10
                0x0000000001101424                irq_11
                0x000000000110142b                irq_12
                0x0000000001101432                irq_13
                0x0000000001101439                irq_14
                0x0000000001101440                irq_15
                0x0000000001101447                irq_16
                0x000000000110144e                irq_17
                0x0000000001101455                irq_18
                0x000000000110145c                irq_19
                0x0000000001101463                irq_20
                0x000000000110146a                irq_21
                0x0000000001101471                irq_22
                0x0000000001101478                irq_23
                0x000000000110147f                irq_24
                0x0000000001101486                irq_25
                0x000000000110148d                irq_26
                0x0000000001101494                irq_27
                0x000000000110149b                irq_28
                0x00000000011014a2                irq_29
                0x00000000011014a9                irq_30
                0x00000000011014b0                irq_31
                0x00000000011014b7                irq_32
                0x00000000011014be                irq_33
                0x00000000011014c5                irq_34
                0x00000000011014cc                irq_35
                0x00000000011014d3                irq_36
                0x00000000011014da                irq_37
                0x00000000011014e1                irq_38
                0x00000000011014e8                irq_39
                0x00000000011014ef                irq_40
                0x00000000011014f6                irq_41
                0x00000000011014fd                irq_42
                0x0000000001101504                irq_43
                0x000000000110150b                irq_44
                0x0000000001101512                irq_45
                0x0000000001101519                irq_46
                0x0000000001101520                irq_47
                0x0000000001101527                irq_48
                0x000000000110152e                irq_49
                0x0000000001101535                irq_50
                0x000000000110153c                irq_51
                0x0000000001101543                irq_52
                0x000000000110154a                irq_53
                0x0000000001101551                irq_54
                0x0000000001101558                irq_55
                0x000000000110155f                irq_56
                0x0000000001101566                irq_57
                0x000000000110156d                irq_58
                0x0000000001101574                irq_59
                0x000000000110157b                irq_60
                0x0000000001101582                irq_61
                0x0000000001101589                irq_62
                0x0000000001101590                irq_63
                0x0000000001101597                irq_64
                0x000000000110159e                irq_65
                0x00000000011015a5                irq_66
                0x00000000011015ac                irq_67
                0x00000000011015b3                irq_68
                0x00000000011015ba                irq_69
                0x00000000011015c1                irq_70
                0x00000000011015c8                irq_71
                0x00000000011015cf                irq_72
                0x00000000011015d6                irq_73
                0x00000000011015dd                irq_74
                0x00000000011015e4                irq_75
                0x00000000011015eb                irq_76
                0x00000000011015f2                irq_77
                0x00000000011015f9                irq_78
                0x0000000001101600                irq_79
                0x0000000001101607                irq_80
                0x000000000110160e                irq_81
                0x0000000001101615                irq_82
                0x000000000110161c                irq_83
                0x0000000001101623                irq_84
                0x000000000110162a                irq_85
                0x0000000001101631                irq_86
                0x0000000001101638                irq_87
                0x000000000110163f                irq_88
                0x0000000001101646                irq_89
                0x000000000110164d                irq_90
                0x0000000001101654                irq_91
                0x000000000110165b                irq_92
                0x0000000001101662                irq_93
                0x0000000001101669                irq_94
                0x0000000001101670                irq_95
                0x0000000001101677                irq_97
                0x000000000110167e                irq_96
                0x0000000001101685                irq_98
                0x000000000110168c                irq_99
                0x0000000001101693                irq_100
                0x000000000110169a                irq_101
                0x00000000011016a1                irq_102
                0x00000000011016a8                irq_103
                0x00000000011016af                irq_104
                0x00000000011016b6                irq_105
                0x00000000011016bd                irq_106
                0x00000000011016c4                irq_107
                0x00000000011016cb                irq_108
                0x00000000011016d2                irq_109
                0x00000000011016d9                irq_110
                0x00000000011016e0                irq_111
                0x00000000011016e7                irq_112
                0x00000000011016ee                irq_113
                0x00000000011016f5                irq_114
                0x00000000011016fc                irq_115
                0x0000000001101703                irq_116
                0x000000000110170a                irq_117
                0x0000000001101711                irq_118
                0x0000000001101718                irq_119
                0x000000000110171f                irq_120
                0x0000000001101726                irq_121
                0x000000000110172d                irq_122
                0x0000000001101734                irq_123
                0x000000000110173b                irq_124
                0x0000000001101742                irq_125
                0x0000000001101749                irq_126
                0x0000000001101750                irq_127
                0x0000000001101757                irq_128
                0x0000000001101761                irq_129
                0x000000000110176b                irq_130
                0x0000000001101775                irq_131
                0x000000000110177f                irq_132
                0x0000000001101789                irq_133
                0x0000000001101793                irq_134
                0x000000000110179d                irq_135
                0x00000000011017a7                irq_136
                0x00000000011017b1                irq_137
                0x00000000011017bb                irq_138
                0x00000000011017c5                irq_139
                0x00000000011017cf                irq_140
                0x00000000011017d9                irq_141
                0x00000000011017e3                irq_142
                0x00000000011017ed                irq_143
                0x00000000011017f7                irq_144
                0x0000000001101801                irq_145
                0x000000000110180b                irq_146
                0x0000000001101815                irq_147
                0x000000000110181f                irq_148
                0x0000000001101829                irq_149
                0x0000000001101833                irq_150
                0x000000000110183d                irq_151
                0x0000000001101847                irq_152
                0x0000000001101851                irq_153
                0x000000000110185b                irq_154
                0x0000000001101865                irq_155
                0x000000000110186f                irq_156
                0x0000000001101879                irq_157
                0x0000000001101883                irq_158
                0x000000000110188d                irq_159
                0x0000000001101897                irq_160
                0x00000000011018a1                irq_161
                0x00000000011018ab                irq_162
                0x00000000011018b5                irq_163
                0x00000000011018bf                irq_164
                0x00000000011018c9                irq_165
                0x00000000011018d3                irq_166
                0x00000000011018dd                irq_167
                0x00000000011018e7                irq_168
                0x00000000011018f1                irq_169
                0x00000000011018fb                irq_170
                0x0000000001101905                irq_171
                0x000000000110190f                irq_172
                0x0000000001101919                irq_173
                0x0000000001101923                irq_174
                0x000000000110192d                irq_175
                0x0000000001101937                irq_176
                0x0000000001101941                irq_177
                0x000000000110194b                irq_178
                0x0000000001101955                irq_179
                0x000000000110195f                irq_180
                0x0000000001101969                irq_181
                0x0000000001101973                irq_182
                0x000000000110197d                irq_183
                0x0000000001101987                irq_184
                0x0000000001101991                irq_185
                0x000000000110199b                irq_186
                0x00000000011019a5                irq_187
                0x00000000011019af                irq_188
                0x00000000011019b9                irq_189
                0x00000000011019c3                irq_190
                0x00000000011019cd                irq_191
                0x00000000011019d7                irq_192
                0x00000000011019e1                irq_193
                0x00000000011019eb                irq_194
                0x00000000011019f5                irq_195
                0x00000000011019ff                irq_196
                0x0000000001101a09                irq_197
                0x0000000001101a13                irq_198
                0x0000000001101a1d                irq_199
                0x0000000001101a27                irq_200
                0x0000000001101a31                irq_201
                0x0000000001101a3b                irq_202
                0x0000000001101a45                irq_203
                0x0000000001101a4f                irq_204
                0x0000000001101a59                irq_205
                0x0000000001101a63                irq_206
                0x0000000001101a6d                irq_207
                0x0000000001101a77                irq_208
                0x0000000001101a81                irq_209
                0x0000000001101a8b                irq_210
                0x0000000001101a95                irq_211
                0x0000000001101a9f                irq_212
                0x0000000001101aa9                irq_213
                0x0000000001101ab3                irq_214
                0x0000000001101abd                irq_215
                0x0000000001101ac7                irq_216
                0x0000000001101ad1                irq_217
                0x0000000001101adb                irq_218
                0x0000000001101ae5                irq_219
                0x0000000001101aef                irq_220
                0x0000000001101af9                irq_221
                0x0000000001101b03                irq_222
                0x0000000001101b0d                irq_223
                0x0000000001101b17                irq_224
                0x0000000001101b21                irq_225
                0x0000000001101b2b                irq_226
                0x0000000001101b35                irq_227
                0x0000000001101b3f                irq_228
                0x0000000001101b49                irq_229
                0x0000000001101b53                irq_230
                0x0000000001101b5d                irq_231
                0x0000000001101b67                irq_232
                0x0000000001101b71                irq_233
                0x0000000001101b7b                irq_234
                0x0000000001101b85                irq_235
                0x0000000001101b8f                irq_236
                0x0000000001101b99                irq_237
                0x0000000001101ba3                irq_238
                0x0000000001101bad                irq_239
                0x0000000001101bb7                irq_240
                0x0000000001101bc1                irq_241
                0x0000000001101bcb                irq_242
                0x0000000001101bd5                irq_243
                0x0000000001101bdf                irq_244
                0x0000000001101be9                irq_245
                0x0000000001101bf3                irq_246
                0x0000000001101bfd                irq_247
                0x0000000001101c07                irq_248
                0x0000000001101c11                irq_249
                0x0000000001101c1b                irq_250
                0x0000000001101c25                irq_251
                0x0000000001101c2f                irq_252
                0x0000000001101c39                irq_253
                0x0000000001101c43                irq_254
                0x0000000001101c4d                irq_255
 .text.setup_gdt
                0x0000000001101c57       0x98 arch/x86/cpu/built-in.o
                0x0000000001101c57                setup_gdt
 .text.x86_cpu_init_r
                0x0000000001101cef        0x8 arch/x86/cpu/built-in.o
                0x0000000001101cef                cpu_init_r
                0x0000000001101cef                x86_cpu_init_r
 .text.x86_enable_caches
                0x0000000001101cf7        0xe arch/x86/cpu/built-in.o
                0x0000000001101cf7                enable_caches
                0x0000000001101cf7                x86_enable_caches
 .text.x86_disable_caches
                0x0000000001101d05       0x10 arch/x86/cpu/built-in.o
                0x0000000001101d05                disable_caches
                0x0000000001101d05                x86_disable_caches
 .text.x86_init_cache
                0x0000000001101d15        0x8 arch/x86/cpu/built-in.o
                0x0000000001101d15                init_cache
                0x0000000001101d15                x86_init_cache
 .text.do_reset
                0x0000000001101d1d       0x27 arch/x86/cpu/built-in.o
                0x0000000001101d1d                do_reset
 .text.flush_cache
                0x0000000001101d44        0xa arch/x86/cpu/built-in.o
                0x0000000001101d44                flush_cache
                0x0000000001101d47                generate_gpf
 .text.dcache_status
                0x0000000001101d4e        0xd arch/x86/cpu/built-in.o
                0x0000000001101d4e                dcache_status
 .text.dcache_enable
                0x0000000001101d5b        0x5 arch/x86/cpu/built-in.o
                0x0000000001101d5b                dcache_enable
 .text.dcache_disable
                0x0000000001101d60        0x5 arch/x86/cpu/built-in.o
                0x0000000001101d60                dcache_disable
 .text.icache_enable
                0x0000000001101d65        0x1 arch/x86/cpu/built-in.o
                0x0000000001101d65                icache_enable
 .text.icache_disable
                0x0000000001101d66        0x1 arch/x86/cpu/built-in.o
                0x0000000001101d66                icache_disable
 .text.icache_status
                0x0000000001101d67        0x6 arch/x86/cpu/built-in.o
                0x0000000001101d67                icache_status
 .text          0x0000000001101d6d        0x5 arch/x86/cpu/tangier/built-in.o
                0x0000000001101d6d                car_init
 .text.cpu_init_f
                0x0000000001101d72        0xf arch/x86/cpu/tangier/built-in.o
                0x0000000001101d72                cpu_init_f
 .text.board_early_init_r
                0x0000000001101d81        0x3 arch/x86/cpu/tangier/built-in.o
                0x0000000001101d81                board_early_init_r
 .text.board_late_init
                0x0000000001101d84      0x129 arch/x86/cpu/tangier/built-in.o
                0x0000000001101d84                board_late_init
 .text.show_boot_progress
                0x0000000001101ead        0x6 arch/x86/cpu/tangier/built-in.o
                0x0000000001101ead                show_boot_progress
 .text.board_final_cleanup
                0x0000000001101eb3        0x3 arch/x86/cpu/tangier/built-in.o
                0x0000000001101eb3                board_final_cleanup
 .text.board_mmc_init
                0x0000000001101eb6       0x11 arch/x86/cpu/tangier/built-in.o
                0x0000000001101eb6                board_mmc_init
 .text.get_tbclk_mhz
                0x0000000001101ec7       0x55 arch/x86/cpu/tangier/built-in.o
                0x0000000001101ec7                get_tbclk_mhz
 .text.reset_cpu
                0x0000000001101f1c        0xc arch/x86/cpu/tangier/built-in.o
                0x0000000001101f1c                reset_cpu
 .text.config_pci_bridge
                0x0000000001101f28       0x39 arch/x86/cpu/tangier/built-in.o
 .text.pci_init_board
                0x0000000001101f61       0x78 arch/x86/cpu/tangier/built-in.o
                0x0000000001101f61                pci_init_board
 .text.install_e820_map
                0x0000000001101fd9        0x5 arch/x86/cpu/tangier/built-in.o
                0x0000000001101fd9                install_e820_map
 .text.board_get_usable_ram_top
                0x0000000001101fde        0x6 arch/x86/cpu/tangier/built-in.o
                0x0000000001101fde                board_get_usable_ram_top
 .text.dram_init_f
                0x0000000001101fe4       0x17 arch/x86/cpu/tangier/built-in.o
                0x0000000001101fe4                dram_init_f
 .text.dram_init_banksize
                0x0000000001101ffb       0x75 arch/x86/cpu/tangier/built-in.o
                0x0000000001101ffb                dram_init_banksize
 .text.do_bootm_linux
                0x0000000001102070       0xd8 arch/x86/lib/built-in.o
                0x0000000001102070                do_bootm_linux
 .text.do_go_exec
                0x0000000001102148       0x5f arch/x86/lib/built-in.o
                0x0000000001102148                do_go_exec
 .text.__wrap___udivdi3
                0x00000000011021a7       0x27 arch/x86/lib/built-in.o
                0x00000000011021a7                __wrap___udivdi3
 .text.calculate_relocation_address
                0x00000000011021ce       0x59 arch/x86/lib/built-in.o
                0x00000000011021ce                calculate_relocation_address
 .text.init_cache_f_r
                0x0000000001102227        0x5 arch/x86/lib/built-in.o
                0x0000000001102227                init_cache_f_r
 .text.irq_install_handler
                0x000000000110222c       0x8a arch/x86/lib/built-in.o
                0x000000000110222c                irq_install_handler
 .text.irq_free_handler
                0x00000000011022b6       0x57 arch/x86/lib/built-in.o
                0x00000000011022b6                irq_free_handler
 .text.do_irq   0x000000000110230d       0x71 arch/x86/lib/built-in.o
                0x000000000110230d                do_irq
 .text.do_irqinfo
                0x000000000110237e       0x7b arch/x86/lib/built-in.o
                0x000000000110237e                do_irqinfo
 .text.interrupt_init
                0x00000000011023f9       0x7d arch/x86/lib/built-in.o
                0x00000000011023f9                interrupt_init
 .text.mask_irq
                0x0000000001102476       0x2e arch/x86/lib/built-in.o
                0x0000000001102476                mask_irq
 .text.unmask_irq
                0x00000000011024a4       0x30 arch/x86/lib/built-in.o
                0x00000000011024a4                unmask_irq
 .text.specific_eoi
                0x00000000011024d4       0x1d arch/x86/lib/built-in.o
                0x00000000011024d4                specific_eoi
 .text.type1_read_config_byte
                0x00000000011024f1       0x29 arch/x86/lib/built-in.o
 .text.type1_read_config_word
                0x000000000110251a       0x2b arch/x86/lib/built-in.o
 .text.type1_read_config_dword
                0x0000000001102545       0x27 arch/x86/lib/built-in.o
 .text.type1_write_config_byte
                0x000000000110256c       0x2a arch/x86/lib/built-in.o
 .text.type1_write_config_word
                0x0000000001102596       0x2b arch/x86/lib/built-in.o
 .text.type1_write_config_dword
                0x00000000011025c1       0x25 arch/x86/lib/built-in.o
 .text.pci_setup_type1
                0x00000000011025e6       0x4b arch/x86/lib/built-in.o
                0x00000000011025e6                pci_setup_type1
 .text.copy_uboot_to_ram
                0x0000000001102631       0x21 arch/x86/lib/built-in.o
                0x0000000001102631                copy_uboot_to_ram
 .text.clear_bss
                0x0000000001102652       0x23 arch/x86/lib/built-in.o
                0x0000000001102652                clear_bss
 .text.do_elf_reloc_fixups
                0x0000000001102675       0x5d arch/x86/lib/built-in.o
                0x0000000001102675                do_elf_reloc_fixups
 .text.memset   0x00000000011026d2       0x43 arch/x86/lib/built-in.o
                0x00000000011026d2                memset
 .text.memcpy   0x0000000001102715       0x30 arch/x86/lib/built-in.o
                0x0000000001102715                memcpy
 .text.timer_set_base
                0x0000000001102745       0x14 arch/x86/lib/built-in.o
                0x0000000001102745                timer_set_base
 .text.get_ticks
                0x0000000001102759       0x45 arch/x86/lib/built-in.o
                0x0000000001102759                get_ticks
 .text.get_tbclk
                0x000000000110279e        0xc arch/x86/lib/built-in.o
                0x000000000110279e                get_tbclk
 .text.get_timer
                0x00000000011027aa       0x40 arch/x86/lib/built-in.o
                0x00000000011027aa                get_timer
 .text.timer_get_us
                0x00000000011027ea       0x31 arch/x86/lib/built-in.o
                0x00000000011027ea                timer_get_us
 .text.__udelay
                0x000000000110281b       0x47 arch/x86/lib/built-in.o
                0x000000000110281b                __udelay
 .text.timer_init
                0x0000000001102862        0x3 arch/x86/lib/built-in.o
                0x0000000001102862                timer_init
 .text.load_zimage
                0x0000000001102865      0x269 arch/x86/lib/built-in.o
                0x0000000001102865                load_zimage
 .text.setup_zimage
                0x0000000001102ace      0x187 arch/x86/lib/built-in.o
                0x0000000001102ace                setup_zimage
 .text.boot_zimage
                0x0000000001102c55       0x42 arch/x86/lib/built-in.o
                0x0000000001102c55                boot_zimage
 .text.__setup_pcat_compatibility
                0x0000000001102c97        0x1 arch/x86/lib/built-in.o
                0x0000000001102c97                __setup_pcat_compatibility
                0x0000000001102c97                setup_pcat_compatibility
 .text.do_zboot
                0x0000000001102c98       0xff arch/x86/lib/built-in.o
                0x0000000001102c98                do_zboot
 .text.do_loade820
                0x0000000001102d97       0xce arch/x86/lib/built-in.o
                0x0000000001102d97                do_loade820
 .text.sfi_table_check
                0x0000000001102e65       0x59 arch/x86/lib/built-in.o
 .text.sfi_search_mmap
                0x0000000001102ebe       0x93 arch/x86/lib/built-in.o
 .text.sfi_setup_e820
                0x0000000001102f51       0xfd arch/x86/lib/built-in.o
                0x0000000001102f51                sfi_setup_e820
 .text.sfi_get_ram_size
                0x000000000110304e       0xc4 arch/x86/lib/built-in.o
                0x000000000110304e                sfi_get_ram_size
 .text          0x0000000001103112        0x5 board/intel/edison/built-in.o
                0x0000000001103112                early_board_init
 .text.board_usb_init
                0x0000000001103117        0x5 board/intel/edison/built-in.o
                0x0000000001103117                board_usb_init
 .text.watchdog_reset
                0x000000000110311c       0x34 board/intel/edison/built-in.o
                0x000000000110311c                watchdog_reset
 .text.main_loop
                0x0000000001103150       0xe1 common/built-in.o
                0x0000000001103150                main_loop
 .text.readline
                0x0000000001103231       0x13 common/built-in.o
                0x0000000001103231                readline
 .text.readline_into_buffer
                0x0000000001103244      0x1c2 common/built-in.o
                0x0000000001103244                readline_into_buffer
 .text.run_command
                0x0000000001103406        0xa common/built-in.o
                0x0000000001103406                run_command
 .text.run_command_list
                0x0000000001103410       0x4a common/built-in.o
                0x0000000001103410                run_command_list
 .text.do_run   0x000000000110345a       0x61 common/built-in.o
                0x000000000110345a                do_run
 .text.delete_char.part.0
                0x00000000011034bb       0x78 common/built-in.o
 .text._do_help
                0x0000000001103533      0x135 common/built-in.o
                0x0000000001103533                _do_help
 .text.find_cmd_tbl
                0x0000000001103668       0x7a common/built-in.o
                0x0000000001103668                find_cmd_tbl
 .text.find_cmd
                0x00000000011036e2       0x1e common/built-in.o
                0x00000000011036e2                find_cmd
 .text.cmd_usage
                0x0000000001103700       0x5d common/built-in.o
                0x0000000001103700                cmd_usage
 .text.var_complete
                0x000000000110375d       0x71 common/built-in.o
                0x000000000110375d                var_complete
 .text.cmd_auto_complete
                0x00000000011037ce      0x3ca common/built-in.o
                0x00000000011037ce                cmd_auto_complete
 .text.cmd_get_data_size
                0x0000000001103b98       0x36 common/built-in.o
                0x0000000001103b98                cmd_get_data_size
 .text.cmd_process
                0x0000000001103bce       0xc8 common/built-in.o
                0x0000000001103bce                cmd_process
 .text.dummy    0x0000000001103c96        0x1 common/built-in.o
 .text.get_version
                0x0000000001103c97        0x6 common/built-in.o
                0x0000000001103c97                get_version
 .text.jumptable_init
                0x0000000001103c9d      0x1d6 common/built-in.o
                0x0000000001103c9d                jumptable_init
 .text.find_hash_algo
                0x0000000001103e73       0x38 common/built-in.o
 .text.hash_command
                0x0000000001103eab      0x165 common/built-in.o
                0x0000000001103eab                hash_command
 .text.syntax_err
                0x0000000001104010        0xf common/built-in.o
 .text.b_addchr
                0x000000000110401f       0x57 common/built-in.o
 .text.b_reset  0x0000000001104076       0x18 common/built-in.o
 .text.b_addqchr
                0x000000000110408e       0x36 common/built-in.o
 .text.static_get
                0x00000000011040c4       0x12 common/built-in.o
 .text.static_peek
                0x00000000011040d6        0x6 common/built-in.o
 .text.file_get
                0x00000000011040dc      0x1a1 common/built-in.o
 .text.file_peek
                0x000000000110427d        0x6 common/built-in.o
 .text.run_list_real
                0x0000000001104283      0x6a8 common/built-in.o
 .text.free_pipe_list
                0x000000000110492b       0xac common/built-in.o
 .text.get_local_var
                0x00000000011049d7       0x69 common/built-in.o
                0x00000000011049d7                get_local_var
 .text.set_local_var
                0x0000000001104a40      0x14d common/built-in.o
                0x0000000001104a40                set_local_var
 .text.is_assignment
                0x0000000001104b8d       0x36 common/built-in.o
 .text.new_pipe
                0x0000000001104bc3       0x2d common/built-in.o
 .text.done_word
                0x0000000001104bf0      0x24c common/built-in.o
 .text.done_command
                0x0000000001104e3c       0x5a common/built-in.o
 .text.done_pipe
                0x0000000001104e96       0x3a common/built-in.o
 .text.mapset   0x0000000001104ed0       0x11 common/built-in.o
 .text.parse_stream_outer
                0x0000000001104ee1      0x5db common/built-in.o
 .text.parse_string_outer
                0x00000000011054bc       0xc6 common/built-in.o
                0x00000000011054bc                parse_string_outer
 .text.parse_file_outer
                0x0000000001105582       0x3a common/built-in.o
                0x0000000001105582                parse_file_outer
 .text.u_boot_hush_start
                0x00000000011055bc       0x3d common/built-in.o
                0x00000000011055bc                u_boot_hush_start
 .text.xmalloc  0x00000000011055f9       0x1a common/built-in.o
 .text.xrealloc
                0x0000000001105613       0x1a common/built-in.o
 .text.insert_var_value_sub
                0x000000000110562d      0x241 common/built-in.o
 .text.do_showvar
                0x000000000110586e       0xda common/built-in.o
 .text.srec_decode
                0x0000000001105948      0x1eb common/built-in.o
                0x0000000001105948                srec_decode
 .text.hex1_bin
                0x0000000001105b33       0x28 common/built-in.o
 .text.hex2_bin
                0x0000000001105b5b       0x2c common/built-in.o
 .text.xyzModem_flush
                0x0000000001105b87       0x10 common/built-in.o
 .text.xyzModem_get_hdr
                0x0000000001105b97      0x1a9 common/built-in.o
 .text.xyzModem_stream_open
                0x0000000001105d40      0x21f common/built-in.o
                0x0000000001105d40                xyzModem_stream_open
 .text.xyzModem_stream_read
                0x0000000001105f5f      0x1f1 common/built-in.o
                0x0000000001105f5f                xyzModem_stream_read
 .text.xyzModem_stream_close
                0x0000000001106150       0x56 common/built-in.o
                0x0000000001106150                xyzModem_stream_close
 .text.xyzModem_stream_terminate
                0x00000000011061a6       0x83 common/built-in.o
                0x00000000011061a6                xyzModem_stream_terminate
 .text.xyzModem_error
                0x0000000001106229       0x16 common/built-in.o
                0x0000000001106229                xyzModem_error
 .text.CYGACC_COMM_IF_GETC_TIMEOUT.isra.0
                0x000000000110623f       0x39 common/built-in.o
 .text.print_cpuinfo
                0x0000000001106278        0x3 common/built-in.o
 .text.trace_early_init
                0x000000000110627b        0x3 common/built-in.o
 .text.init_func_watchdog_init
                0x000000000110627e       0x12 common/built-in.o
 .text.init_func_watchdog_reset
                0x0000000001106290        0x8 common/built-in.o
                0x0000000001106290                init_func_watchdog_reset
 .text.__board_add_ram_info
                0x0000000001106298        0x1 common/built-in.o
                0x0000000001106298                __board_add_ram_info
                0x0000000001106298                board_add_ram_info
 .text.init_baud_rate
                0x0000000001106299       0x23 common/built-in.o
 .text.display_text_info
                0x00000000011062bc        0x3 common/built-in.o
 .text.announce_dram_init
                0x00000000011062bf        0xd common/built-in.o
 .text.show_dram_config
                0x00000000011062cc       0x37 common/built-in.o
 .text.setup_mon_len
                0x0000000001106303       0x10 common/built-in.o
 .text.arch_cpu_init
                0x0000000001106313        0x3 common/built-in.o
                0x0000000001106313                arch_cpu_init
 .text.setup_dest_addr
                0x0000000001106316       0x46 common/built-in.o
 .text.reserve_round_4k
                0x000000000110635c       0x10 common/built-in.o
 .text.reserve_trace
                0x000000000110636c        0x3 common/built-in.o
 .text.reserve_uboot
                0x000000000110636f       0x36 common/built-in.o
 .text.reserve_malloc
                0x00000000011063a5       0x1c common/built-in.o
 .text.reserve_board
                0x00000000011063c1       0x33 common/built-in.o
 .text.setup_machine
                0x00000000011063f4        0x3 common/built-in.o
 .text.reserve_global_data
                0x00000000011063f7       0x23 common/built-in.o
 .text.reserve_stacks
                0x000000000110641a       0x2a common/built-in.o
 .text.display_new_sp
                0x0000000001106444        0x3 common/built-in.o
 .text.setup_baud_rate
                0x0000000001106447       0x18 common/built-in.o
 .text.setup_dram_config
                0x000000000110645f        0x8 common/built-in.o
 .text.setup_reloc
                0x0000000001106467       0x36 common/built-in.o
 .text.jump_to_copy
                0x000000000110649d        0xe common/built-in.o
 .text.mark_bootstage
                0x00000000011064ab        0xd common/built-in.o
 .text.board_init_f
                0x00000000011064b8       0x26 common/built-in.o
                0x00000000011064b8                board_init_f
 .text.board_init_f_r
                0x00000000011064de       0x35 common/built-in.o
                0x00000000011064de                board_init_f_r
 .text.bootstage_relocate
                0x0000000001106513        0x3 common/built-in.o
 .text.__cpu_secondary_init_r
                0x0000000001106516        0x1 common/built-in.o
                0x0000000001106516                cpu_secondary_init_r
                0x0000000001106516                __cpu_secondary_init_r
 .text.initr_secondary_cpu
                0x0000000001106517        0x8 common/built-in.o
 .text.initr_trace
                0x000000000110651f        0x3 common/built-in.o
 .text.initr_reloc
                0x0000000001106522       0x17 common/built-in.o
 .text.initr_reloc_global_data
                0x0000000001106539       0x17 common/built-in.o
 .text.initr_serial
                0x0000000001106550        0x8 common/built-in.o
 .text.initr_pci
                0x0000000001106558        0x8 common/built-in.o
 .text.initr_barrier
                0x0000000001106560        0x3 common/built-in.o
 .text.initr_malloc
                0x0000000001106563       0x1b common/built-in.o
 .text.power_init_board
                0x000000000110657e        0x3 common/built-in.o
                0x000000000110657e                power_init_board
 .text.initr_announce
                0x0000000001106581        0x3 common/built-in.o
 .text.initr_mmc
                0x0000000001106584       0x1a common/built-in.o
                0x0000000001106584                initr_mmc
 .text.initr_env
                0x000000000110659e       0x22 common/built-in.o
 .text.initr_jumptable
                0x00000000011065c0        0x8 common/built-in.o
 .text.run_main_loop
                0x00000000011065c8        0x7 common/built-in.o
 .text.board_init_r
                0x00000000011065cf        0xf common/built-in.o
                0x00000000011065cf                board_init_r
 .text.do_go    0x00000000011065de       0x64 common/built-in.o
 .text.__arch_preboot_os
                0x0000000001106642        0x1 common/built-in.o
                0x0000000001106642                arch_preboot_os
 .text.do_bootm_standalone
                0x0000000001106643       0x43 common/built-in.o
 .text.do_bootm
                0x0000000001106686       0xae common/built-in.o
                0x0000000001106686                do_bootm
 .text.do_bootd
                0x0000000001106734       0x1b common/built-in.o
                0x0000000001106734                do_bootd
 .text.copy_args
                0x000000000110674f       0x3f common/built-in.o
 .text.do_bootm_netbsd
                0x000000000110678e       0xdb common/built-in.o
 .text.do_bootm_rtems
                0x0000000001106869       0x43 common/built-in.o
 .text.do_bootm_plan9
                0x00000000011068ac       0x90 common/built-in.o
 .text.do_bootm_qnxelf
                0x000000000110693c       0x5a common/built-in.o
 .text.do_bootm_states.isra.21.constprop.22
                0x0000000001106996      0x636 common/built-in.o
 .text.do_help  0x0000000001106fcc       0x3c common/built-in.o
 .text.do_version
                0x0000000001107008       0x31 common/built-in.o
 .text.env_attr_walk
                0x0000000001107039       0xd7 common/built-in.o
                0x0000000001107039                env_attr_walk
 .text.env_attr_lookup
                0x0000000001107110      0x122 common/built-in.o
                0x0000000001107110                env_attr_lookup
 .text.find_env_callback
                0x0000000001107232       0x41 common/built-in.o
 .text.env_callback_init
                0x0000000001107273       0x93 common/built-in.o
                0x0000000001107273                env_callback_init
 .text.clear_callback
                0x0000000001107306        0xa common/built-in.o
 .text.set_callback
                0x0000000001107310       0x87 common/built-in.o
 .text.on_callbacks
                0x0000000001107397       0x31 common/built-in.o
 .text.env_flags_print_vartypes
                0x00000000011073c8       0x33 common/built-in.o
                0x00000000011073c8                env_flags_print_vartypes
 .text.env_flags_print_varaccess
                0x00000000011073fb       0x33 common/built-in.o
                0x00000000011073fb                env_flags_print_varaccess
 .text.env_flags_get_vartype_name
                0x000000000110742e        0x8 common/built-in.o
                0x000000000110742e                env_flags_get_vartype_name
 .text.env_flags_get_varaccess_name
                0x0000000001107436        0x8 common/built-in.o
                0x0000000001107436                env_flags_get_varaccess_name
 .text.env_flags_parse_vartype
                0x000000000110743e       0x41 common/built-in.o
                0x000000000110743e                env_flags_parse_vartype
 .text.env_flags_parse_varaccess
                0x000000000110747f       0x44 common/built-in.o
                0x000000000110747f                env_flags_parse_varaccess
 .text.env_flags_parse_varaccess_from_binflags
                0x00000000011074c3       0x20 common/built-in.o
                0x00000000011074c3                env_flags_parse_varaccess_from_binflags
 .text.env_flags_init
                0x00000000011074e3       0x95 common/built-in.o
                0x00000000011074e3                env_flags_init
 .text.clear_flags
                0x0000000001107578        0xa common/built-in.o
 .text.set_flags
                0x0000000001107582       0x93 common/built-in.o
 .text.on_flags
                0x0000000001107615       0x31 common/built-in.o
 .text.env_flags_validate
                0x0000000001107646      0x1c0 common/built-in.o
                0x0000000001107646                env_flags_validate
 .text.mmc_get_env_addr
                0x0000000001107806       0x14 common/built-in.o
                0x0000000001107806                mmc_get_env_addr
 .text.env_init
                0x000000000110781a       0x1d common/built-in.o
                0x000000000110781a                env_init
 .text.init_mmc_for_env
                0x0000000001107837       0x40 common/built-in.o
 .text.saveenv  0x0000000001107877      0x190 common/built-in.o
                0x0000000001107877                saveenv
 .text.env_relocate_spec
                0x0000000001107a07      0x21a common/built-in.o
                0x0000000001107a07                env_relocate_spec
 .text.source   0x0000000001107c21       0xa1 common/built-in.o
                0x0000000001107c21                source
 .text.do_source
                0x0000000001107cc2       0x40 common/built-in.o
                0x0000000001107cc2                do_source
 .text.print_num
                0x0000000001107d02       0x1b common/built-in.o
 .text.do_bdinfo
                0x0000000001107d1d      0x114 common/built-in.o
                0x0000000001107d1d                do_bdinfo
 .text.invalidate_icache_all
                0x0000000001107e31        0xa common/built-in.o
                0x0000000001107e31                invalidate_icache_all
 .text.do_icache
                0x0000000001107e3b       0x70 common/built-in.o
                0x0000000001107e3b                do_icache
 .text.flush_dcache_all
                0x0000000001107eab        0xa common/built-in.o
                0x0000000001107eab                flush_dcache_all
 .text.do_dcache
                0x0000000001107eb5       0x70 common/built-in.o
                0x0000000001107eb5                do_dcache
 .text.parse_argv
                0x0000000001107f25       0x44 common/built-in.o
 .text.do_coninfo
                0x0000000001107f69       0xb9 common/built-in.o
 .text.do_echo  0x0000000001108022       0x8e common/built-in.o
 .text.do_bootelf_exec
                0x00000000011080b0       0xde common/built-in.o
                0x00000000011080b0                do_bootelf_exec
 .text.valid_elf_image
                0x000000000110818e       0x3c common/built-in.o
                0x000000000110818e                valid_elf_image
 .text.do_bootelf
                0x00000000011081ca      0x12e common/built-in.o
                0x00000000011081ca                do_bootelf
 .text.do_bootvx
                0x00000000011082f8      0x200 common/built-in.o
                0x00000000011082f8                do_bootvx
 .text.load_elf_image_shdr
                0x00000000011084f8       0x5b common/built-in.o
 .text.do_exit  0x0000000001108553       0x24 common/built-in.o
 .text.do_ext4_load
                0x0000000001108577       0x1d common/built-in.o
                0x0000000001108577                do_ext4_load
 .text.do_ext4_ls
                0x0000000001108594       0x1d common/built-in.o
                0x0000000001108594                do_ext4_ls
 .text.do_ext4_write
                0x00000000011085b1       0xf8 common/built-in.o
                0x00000000011085b1                do_ext4_write
 .text.do_fat_fsload
                0x00000000011086a9       0x1d common/built-in.o
                0x00000000011086a9                do_fat_fsload
 .text.do_bootu
                0x00000000011086c6      0x1bc common/built-in.o
                0x00000000011086c6                do_bootu
 .text.do_fat_ls
                0x0000000001108882       0x1d common/built-in.o
 .text.do_fat_fsinfo
                0x000000000110889f       0x8e common/built-in.o
 .text.do_fat_fswrite
                0x000000000110892d      0x100 common/built-in.o
 .text.do_load_wrapper
                0x0000000001108a2d       0x1d common/built-in.o
                0x0000000001108a2d                do_load_wrapper
 .text.do_ls_wrapper
                0x0000000001108a4a       0x1d common/built-in.o
                0x0000000001108a4a                do_ls_wrapper
 .text.do_gettime
                0x0000000001108a67       0x67 common/built-in.o
 .text.do_hash  0x0000000001108ace       0x56 common/built-in.o
 .text.rstrip   0x0000000001108b24       0x25 common/built-in.o
 .text.find_char_or_comment
                0x0000000001108b49       0x2a common/built-in.o
 .text.ini_handler
                0x0000000001108b73       0x44 common/built-in.o
 .text.do_ini   0x0000000001108bb7       0x6b common/built-in.o
 .text.ini_parse.constprop.1
                0x0000000001108c22      0x213 common/built-in.o
 .text.do_interrupts
                0x0000000001108e35       0x37 common/built-in.o
 .text.evalexp  0x0000000001108e6c       0x5a common/built-in.o
 .text.evalstr  0x0000000001108ec6       0x47 common/built-in.o
 .text.binary_test
                0x0000000001108f0d      0x12d common/built-in.o
 .text.do_itest
                0x000000000110903a       0x70 common/built-in.o
 .text.do_load_serial
                0x00000000011090aa       0xb7 common/built-in.o
 .text.load_serial
                0x0000000001109161      0x183 common/built-in.o
 .text.do_load_serial_bin
                0x00000000011092e4      0x6fe common/built-in.o
 .text.bin_data_init
                0x00000000011099e2       0x15 common/built-in.o
 .text.bin_data_char
                0x00000000011099f7       0x1b common/built-in.o
 .text.k_data_save
                0x0000000001109a12       0x1f common/built-in.o
 .text.k_data_restore
                0x0000000001109a31       0x1f common/built-in.o
 .text.getcxmodem
                0x0000000001109a50       0x12 common/built-in.o
 .text.load_serial_ymodem
                0x0000000001109a62       0xb6 common/built-in.o
 .text.chk1.constprop.1
                0x0000000001109b18       0x21 common/built-in.o
 .text.s1_sendpacket.constprop.2
                0x0000000001109b39       0x30 common/built-in.o
 .text.do_mem_md
                0x0000000001109b69       0xb4 common/built-in.o
 .text.do_mem_mm
                0x0000000001109c1d        0xa common/built-in.o
 .text.do_mem_nm
                0x0000000001109c27        0x7 common/built-in.o
 .text.do_mem_mw
                0x0000000001109c2e       0xa4 common/built-in.o
 .text.do_mem_cmp
                0x0000000001109cd2      0x164 common/built-in.o
 .text.do_mem_cp
                0x0000000001109e36       0xbd common/built-in.o
 .text.do_mem_base
                0x0000000001109ef3       0x39 common/built-in.o
 .text.do_mem_loop
                0x0000000001109f2c       0xb6 common/built-in.o
 .text.do_mem_crc
                0x0000000001109fe2       0x33 common/built-in.o
 .text.board_show_dram
                0x000000000110a015       0x1c common/built-in.o
                0x000000000110a015                board_show_dram
 .text.do_mem_info
                0x000000000110a031       0x11 common/built-in.o
 .text.mod_mem.isra.2
                0x000000000110a042      0x142 common/built-in.o
 .text.do_sleep
                0x000000000110a184       0x52 common/built-in.o
 .text.do_timer
                0x000000000110a1d6       0x7c common/built-in.o
 .text.do_mmcinfo
                0x000000000110a252      0x18e common/built-in.o
 .text.do_mmcops
                0x000000000110a3e0      0x718 common/built-in.o
 .text.do_part_info
                0x000000000110aaf8      0x105 common/built-in.o
                0x000000000110aaf8                do_part_info
 .text.do_part_find
                0x000000000110abfd      0x168 common/built-in.o
                0x000000000110abfd                do_part_find
 .text.do_part_uuid
                0x000000000110ad65       0x6f common/built-in.o
                0x000000000110ad65                do_part_uuid
 .text.do_part_list
                0x000000000110add4       0x31 common/built-in.o
                0x000000000110add4                do_part_list
 .text.do_part  0x000000000110ae05       0x8b common/built-in.o
                0x000000000110ae05                do_part
 .text.pciinfo  0x000000000110ae90       0xfe common/built-in.o
                0x000000000110ae90                pciinfo
 .text.pci_header_show_brief
                0x000000000110af8e       0x7b common/built-in.o
                0x000000000110af8e                pci_header_show_brief
 .text.pci_header_show
                0x000000000110b009      0xa5c common/built-in.o
                0x000000000110b009                pci_header_show
 .text.pci_cfg_write
                0x000000000110ba65       0x2e common/built-in.o
 .text.do_pci   0x000000000110ba93      0x34a common/built-in.o
 .text.pci_cfg_modify.isra.0
                0x000000000110bddd      0x111 common/built-in.o
 .text.do_portio_out
                0x000000000110beee       0x82 common/built-in.o
                0x000000000110beee                do_portio_out
 .text.do_portio_in
                0x000000000110bf70       0x9b common/built-in.o
                0x000000000110bf70                do_portio_in
 .text.do_read  0x000000000110c00b      0x142 common/built-in.o
                0x000000000110c00b                do_read
 .text.do_reginfo
                0x000000000110c14d        0x3 common/built-in.o
 .text.do_sha1sum
                0x000000000110c150       0x36 common/built-in.o
                0x000000000110c150                do_sha1sum
 .text.get_arg  0x000000000110c186       0x3b common/built-in.o
 .text.do_setexpr
                0x000000000110c1c1       0xd5 common/built-in.o
 .text.do_test  0x000000000110c296      0x28e common/built-in.o
 .text.do_false
                0x000000000110c524        0x6 common/built-in.o
 .text.do_true  0x000000000110c52a        0x3 common/built-in.o
 .text.do_dfu   0x000000000110c52d      0x129 common/built-in.o
 .text.extract_env
                0x000000000110c656       0xcc common/built-in.o
 .text.extract_val
                0x000000000110c722       0x6e common/built-in.o
 .text.do_gpt   0x000000000110c790      0x3ec common/built-in.o
 .text.env_print
                0x000000000110cb7c       0xce common/built-in.o
 .text.do_env_print
                0x000000000110cc4a       0x99 common/built-in.o
 .text.do_env_grep
                0x000000000110cce3       0xbf common/built-in.o
 .text.setenv   0x000000000110cda2       0x4f common/built-in.o
                0x000000000110cda2                setenv
 .text.setenv_hex
                0x000000000110cdf1       0x2e common/built-in.o
                0x000000000110cdf1                setenv_hex
 .text.do_env_set
                0x000000000110ce1f       0x14 common/built-in.o
 .text.do_env_ask
                0x000000000110ce33      0x121 common/built-in.o
                0x000000000110ce33                do_env_ask
 .text.print_static_binding
                0x000000000110cf54       0x1d common/built-in.o
 .text.print_active_callback
                0x000000000110cf71       0x65 common/built-in.o
 .text.do_env_callback
                0x000000000110cfd6      0x10f common/built-in.o
                0x000000000110cfd6                do_env_callback
 .text.print_static_flags
                0x000000000110d0e5       0x49 common/built-in.o
 .text.print_active_flags
                0x000000000110d12e       0x4a common/built-in.o
 .text.do_env_flags
                0x000000000110d178      0x143 common/built-in.o
                0x000000000110d178                do_env_flags
 .text.do_env_edit
                0x000000000110d2bb       0x6e common/built-in.o
 .text.getenv   0x000000000110d329       0x95 common/built-in.o
                0x000000000110d329                getenv
 .text.getenv_f
                0x000000000110d3be       0xb5 common/built-in.o
                0x000000000110d3be                getenv_f
 .text.getenv_ulong
                0x000000000110d473       0x1f common/built-in.o
                0x000000000110d473                getenv_ulong
 .text.do_env_save
                0x000000000110d492       0x29 common/built-in.o
 .text.envmatch
                0x000000000110d4bb       0x57 common/built-in.o
                0x000000000110d4bb                envmatch
 .text.do_env_default
                0x000000000110d512       0x68 common/built-in.o
 .text.do_env_delete
                0x000000000110d57a       0x68 common/built-in.o
 .text.do_env_export
                0x000000000110d5e2      0x231 common/built-in.o
 .text.do_env_import
                0x000000000110d813      0x1e7 common/built-in.o
 .text.do_env_exists
                0x000000000110d9fa       0x61 common/built-in.o
 .text.do_env   0x000000000110da5b       0x51 common/built-in.o
 .text._do_env_set.isra.0
                0x000000000110daac      0x17e common/built-in.o
 .text.__env_get_char_spec
                0x000000000110dc2a        0xe common/built-in.o
                0x000000000110dc2a                env_get_char_spec
 .text.env_get_char_memory
                0x000000000110dc38        0x8 common/built-in.o
                0x000000000110dc38                env_get_char_memory
 .text.env_get_char
                0x000000000110dc40       0x2b common/built-in.o
                0x000000000110dc40                env_get_char
 .text.env_get_addr
                0x000000000110dc6b       0x1e common/built-in.o
                0x000000000110dc6b                env_get_addr
 .text.getenv_yesno
                0x000000000110dc89       0x2a common/built-in.o
                0x000000000110dc89                getenv_yesno
 .text.getenv_default
                0x000000000110dcb3       0x4e common/built-in.o
                0x000000000110dcb3                getenv_default
 .text.set_default_env
                0x000000000110dd01       0xa8 common/built-in.o
                0x000000000110dd01                set_default_env
 .text.set_default_vars
                0x000000000110dda9       0x32 common/built-in.o
                0x000000000110dda9                set_default_vars
 .text.env_import
                0x000000000110dddb       0xc8 common/built-in.o
                0x000000000110dddb                env_import
 .text.env_relocate
                0x000000000110dea3       0x25 common/built-in.o
                0x000000000110dea3                env_relocate
 .text.env_complete
                0x000000000110dec8       0xac common/built-in.o
                0x000000000110dec8                env_complete
 .text.on_console
                0x000000000110df74       0x96 common/built-in.o
 .text.console_setfile
                0x000000000110e00a       0x8d common/built-in.o
 .text.serial_printf
                0x000000000110e097       0x2f common/built-in.o
                0x000000000110e097                serial_printf
 .text.fgetc    0x000000000110e0c6       0x14 common/built-in.o
                0x000000000110e0c6                fgetc
 .text.ftstc    0x000000000110e0da       0x14 common/built-in.o
                0x000000000110e0da                ftstc
 .text.fputc    0x000000000110e0ee       0x13 common/built-in.o
                0x000000000110e0ee                fputc
 .text.getc     0x000000000110e101       0x27 common/built-in.o
                0x000000000110e101                getc
 .text.tstc     0x000000000110e128       0x27 common/built-in.o
                0x000000000110e128                tstc
 .text.putc     0x000000000110e14f       0x2f common/built-in.o
                0x000000000110e14f                putc
 .text.puts     0x000000000110e17e       0x2a common/built-in.o
                0x000000000110e17e                puts
 .text.printf   0x000000000110e1a8       0x3d common/built-in.o
                0x000000000110e1a8                printf
 .text.vprintf  0x000000000110e1e5       0x34 common/built-in.o
                0x000000000110e1e5                vprintf
 .text.ctrlc    0x000000000110e219       0x38 common/built-in.o
                0x000000000110e219                ctrlc
 .text.had_ctrlc
                0x000000000110e251        0x6 common/built-in.o
                0x000000000110e251                had_ctrlc
 .text.clear_ctrlc
                0x000000000110e257        0xb common/built-in.o
                0x000000000110e257                clear_ctrlc
 .text.search_device
                0x000000000110e262       0x18 common/built-in.o
                0x000000000110e262                search_device
 .text.console_assign
                0x000000000110e27a       0x32 common/built-in.o
                0x000000000110e27a                console_assign
 .text.console_init_f
                0x000000000110e2ac       0x10 common/built-in.o
                0x000000000110e2ac                console_init_f
 .text.stdio_print_current_devices
                0x000000000110e2bc       0x9e common/built-in.o
                0x000000000110e2bc                stdio_print_current_devices
 .text.console_init_r
                0x000000000110e35a       0x99 common/built-in.o
                0x000000000110e35a                console_init_r
 .text.sbrk     0x000000000110e3f3       0x3a common/built-in.o
                0x000000000110e3f3                sbrk
 .text.mem_malloc_init
                0x000000000110e42d       0x1c common/built-in.o
                0x000000000110e42d                mem_malloc_init
 .text.malloc   0x000000000110e449      0x4f3 common/built-in.o
                0x000000000110e449                malloc
 .text.free     0x000000000110e93c      0x1c2 common/built-in.o
                0x000000000110e93c                free
 .text.realloc  0x000000000110eafe      0x36c common/built-in.o
                0x000000000110eafe                realloc
 .text.memalign
                0x000000000110ee6a       0xcd common/built-in.o
                0x000000000110ee6a                memalign
 .text.calloc   0x000000000110ef37       0xb6 common/built-in.o
                0x000000000110ef37                calloc
 .text.malloc_trim
                0x000000000110efed       0x91 common/built-in.o
                0x000000000110efed                malloc_trim
 .text.image_check_hcrc
                0x000000000110f07e       0x41 common/built-in.o
                0x000000000110f07e                image_check_hcrc
 .text.image_check_dcrc
                0x000000000110f0bf       0x34 common/built-in.o
                0x000000000110f0bf                image_check_dcrc
 .text.image_multi_count
                0x000000000110f0f3        0xf common/built-in.o
                0x000000000110f0f3                image_multi_count
 .text.image_multi_getimg
                0x000000000110f102       0x6a common/built-in.o
                0x000000000110f102                image_multi_getimg
 .text.image_print_contents
                0x000000000110f16c      0x184 common/built-in.o
                0x000000000110f16c                image_print_contents
 .text.on_loadaddr
                0x000000000110f2f0       0x1f common/built-in.o
 .text.memmove_wd
                0x000000000110f30f       0x3b common/built-in.o
                0x000000000110f30f                memmove_wd
 .text.genimg_print_size
                0x000000000110f34a       0x28 common/built-in.o
                0x000000000110f34a                genimg_print_size
 .text.get_table_entry_name
                0x000000000110f372       0x19 common/built-in.o
                0x000000000110f372                get_table_entry_name
 .text.genimg_get_os_name
                0x000000000110f38b       0x12 common/built-in.o
                0x000000000110f38b                genimg_get_os_name
 .text.genimg_get_arch_name
                0x000000000110f39d       0x12 common/built-in.o
                0x000000000110f39d                genimg_get_arch_name
 .text.genimg_get_type_name
                0x000000000110f3af       0x12 common/built-in.o
                0x000000000110f3af                genimg_get_type_name
 .text.genimg_get_comp_name
                0x000000000110f3c1       0x12 common/built-in.o
                0x000000000110f3c1                genimg_get_comp_name
 .text.genimg_get_format
                0x000000000110f3d3       0x15 common/built-in.o
                0x000000000110f3d3                genimg_get_format
 .text.genimg_get_image
                0x000000000110f3e8        0x1 common/built-in.o
                0x000000000110f3e8                genimg_get_image
 .text.boot_get_ramdisk
                0x000000000110f3e9      0x20a common/built-in.o
                0x000000000110f3e9                boot_get_ramdisk
 .text.get_effective_memsize
                0x000000000110f5f3       0x11 common/built-in.o
                0x000000000110f5f3                get_effective_memsize
 .text.stdio_get_list
                0x000000000110f604        0x6 common/built-in.o
                0x000000000110f604                stdio_get_list
 .text.stdio_get_by_name
                0x000000000110f60a       0x34 common/built-in.o
                0x000000000110f60a                stdio_get_by_name
 .text.stdio_clone
                0x000000000110f63e       0x32 common/built-in.o
                0x000000000110f63e                stdio_clone
 .text.stdio_register
                0x000000000110f670       0x2b common/built-in.o
                0x000000000110f670                stdio_register
 .text.stdio_init
                0x000000000110f69b       0x6c common/built-in.o
                0x000000000110f69b                stdio_init
 .text.get_dev  0x000000000110f707       0x48 disk/built-in.o
                0x000000000110f707                get_dev
 .text.dev_print
                0x000000000110f74f      0x1c5 disk/built-in.o
                0x000000000110f74f                dev_print
 .text.init_part
                0x000000000110f914       0x37 disk/built-in.o
                0x000000000110f914                init_part
 .text.print_part_header
                0x000000000110f94b       0x83 disk/built-in.o
 .text.print_part
                0x000000000110f9ce       0x59 disk/built-in.o
                0x000000000110f9ce                print_part
 .text.get_partition_info
                0x000000000110fa27       0x3a disk/built-in.o
                0x000000000110fa27                get_partition_info
 .text.get_device
                0x000000000110fa61       0x7a disk/built-in.o
                0x000000000110fa61                get_device
 .text.get_device_and_partition
                0x000000000110fadb      0x397 disk/built-in.o
                0x000000000110fadb                get_device_and_partition
 .text.test_part_mac
                0x000000000110fe72       0x61 disk/built-in.o
                0x000000000110fe72                test_part_mac
 .text.print_part_mac
                0x000000000110fed3      0x1e3 disk/built-in.o
                0x000000000110fed3                print_part_mac
 .text.part_mac_read_ddb
                0x00000000011100b6       0x3b disk/built-in.o
 .text.get_partition_info_mac
                0x00000000011100f1      0x11f disk/built-in.o
                0x00000000011100f1                get_partition_info_mac
 .text.test_block_type
                0x0000000001110210       0x5f disk/built-in.o
 .text.test_part_dos
                0x000000000111026f       0x4d disk/built-in.o
                0x000000000111026f                test_part_dos
 .text.print_partition_extended
                0x00000000011102bc      0x22d disk/built-in.o
 .text.get_partition_info_extended
                0x00000000011104e9      0x2e8 disk/built-in.o
 .text.print_part_dos
                0x00000000011107d1       0x31 disk/built-in.o
                0x00000000011107d1                print_part_dos
 .text.get_partition_info_dos
                0x0000000001110802       0x27 disk/built-in.o
                0x0000000001110802                get_partition_info_dos
 .text.print_efiname
                0x0000000001110829       0x33 disk/built-in.o
 .text.print_part_efi
                0x000000000111085c      0x16d disk/built-in.o
                0x000000000111085c                print_part_efi
 .text.get_partition_info_efi
                0x00000000011109c9      0x141 disk/built-in.o
                0x00000000011109c9                get_partition_info_efi
 .text.test_part_efi
                0x0000000001110b0a       0xa2 disk/built-in.o
                0x0000000001110b0a                test_part_efi
 .text.set_protective_mbr
                0x0000000001110bac       0xb5 disk/built-in.o
 .text.write_gpt_table
                0x0000000001110c61      0x111 disk/built-in.o
                0x0000000001110c61                write_gpt_table
 .text.gpt_fill_pte
                0x0000000001110d72      0x167 disk/built-in.o
                0x0000000001110d72                gpt_fill_pte
 .text.gpt_fill_header
                0x0000000001110ed9       0x9d disk/built-in.o
                0x0000000001110ed9                gpt_fill_header
 .text.gpt_restore
                0x0000000001110f76       0xe0 disk/built-in.o
                0x0000000001110f76                gpt_restore
 .text.is_pte_valid
                0x0000000001111056       0x4f disk/built-in.o
 .text.is_gpt_valid.constprop.1
                0x00000000011110a5      0x25b disk/built-in.o
 .text.intel_scu_ipc_send_command
                0x0000000001111300        0x9 drivers/built-in.o
                0x0000000001111300                intel_scu_ipc_send_command
 .text.intel_scu_ipc_check_status
                0x0000000001111309       0x57 drivers/built-in.o
                0x0000000001111309                intel_scu_ipc_check_status
 .text.intel_scu_ipc_simple_command
                0x0000000001111360       0x13 drivers/built-in.o
                0x0000000001111360                intel_scu_ipc_simple_command
 .text.intel_scu_ipc_raw_cmd
                0x0000000001111373       0x9f drivers/built-in.o
                0x0000000001111373                intel_scu_ipc_raw_cmd
 .text.intel_scu_ipc_command
                0x0000000001111412       0x36 drivers/built-in.o
                0x0000000001111412                intel_scu_ipc_command
 .text.dfu_reset
                0x0000000001111448        0x6 drivers/built-in.o
                0x0000000001111448                dfu_reset
 .text.dfu_trigger_reset
                0x000000000111144e        0x8 drivers/built-in.o
                0x000000000111144e                dfu_trigger_reset
 .text.dfu_enum_done
                0x0000000001111456        0x6 drivers/built-in.o
                0x0000000001111456                dfu_enum_done
 .text.dfu_trigger_enum_done
                0x000000000111145c        0x8 drivers/built-in.o
                0x000000000111145c                dfu_trigger_enum_done
 .text.dfu_init_env_entities
                0x0000000001111464       0x98 drivers/built-in.o
                0x0000000001111464                dfu_init_env_entities
 .text.dfu_free_buf
                0x00000000011114fc       0x17 drivers/built-in.o
                0x00000000011114fc                dfu_free_buf
 .text.dfu_get_buf_size
                0x0000000001111513        0x6 drivers/built-in.o
                0x0000000001111513                dfu_get_buf_size
 .text.dfu_get_buf
                0x0000000001111519       0x6d drivers/built-in.o
                0x0000000001111519                dfu_get_buf
 .text.dfu_write_buffer_drain
                0x0000000001111586       0x68 drivers/built-in.o
 .text.dfu_flush
                0x00000000011115ee       0x68 drivers/built-in.o
                0x00000000011115ee                dfu_flush
 .text.dfu_write
                0x0000000001111656      0x12b drivers/built-in.o
                0x0000000001111656                dfu_write
 .text.dfu_read
                0x0000000001111781      0x230 drivers/built-in.o
                0x0000000001111781                dfu_read
 .text.dfu_free_entities
                0x00000000011119b1       0x67 drivers/built-in.o
                0x00000000011119b1                dfu_free_entities
 .text.dfu_config_entities
                0x0000000001111a18      0x138 drivers/built-in.o
                0x0000000001111a18                dfu_config_entities
 .text.dfu_get_dev_type
                0x0000000001111b50       0x1c drivers/built-in.o
                0x0000000001111b50                dfu_get_dev_type
 .text.dfu_get_layout
                0x0000000001111b6c       0x1c drivers/built-in.o
                0x0000000001111b6c                dfu_get_layout
 .text.dfu_show_entities
                0x0000000001111b88       0x5e drivers/built-in.o
                0x0000000001111b88                dfu_show_entities
 .text.dfu_get_alt_number
                0x0000000001111be6        0x6 drivers/built-in.o
                0x0000000001111be6                dfu_get_alt_number
 .text.dfu_get_entity
                0x0000000001111bec       0x24 drivers/built-in.o
                0x0000000001111bec                dfu_get_entity
 .text.mmc_block_op
                0x0000000001111c10      0x1a2 drivers/built-in.o
 .text.mmc_file_op
                0x0000000001111db2      0x147 drivers/built-in.o
 .text.dfu_write_medium_mmc
                0x0000000001111ef9       0x9e drivers/built-in.o
                0x0000000001111ef9                dfu_write_medium_mmc
 .text.dfu_flush_medium_mmc
                0x0000000001111f97       0x2e drivers/built-in.o
                0x0000000001111f97                dfu_flush_medium_mmc
 .text.dfu_read_medium_mmc
                0x0000000001111fc5       0x79 drivers/built-in.o
                0x0000000001111fc5                dfu_read_medium_mmc
 .text.dfu_fill_entity_mmc
                0x000000000111203e      0x249 drivers/built-in.o
                0x000000000111203e                dfu_fill_entity_mmc
 .text.mmc_access_part.isra.0
                0x0000000001112287       0x57 drivers/built-in.o
 .text.dfu_write_medium_ram
                0x00000000011122de       0x93 drivers/built-in.o
 .text.dfu_read_medium_ram
                0x0000000001112371       0xa0 drivers/built-in.o
 .text.dfu_fill_entity_ram
                0x0000000001112411       0xb6 drivers/built-in.o
                0x0000000001112411                dfu_fill_entity_ram
 .text.board_mmc_getwp
                0x00000000011124c7        0x4 drivers/mmc/built-in.o
                0x00000000011124c7                board_mmc_getwp
 .text.mmc_getwp
                0x00000000011124cb       0x23 drivers/mmc/built-in.o
                0x00000000011124cb                mmc_getwp
 .text.__board_mmc_getcd
                0x00000000011124ee        0x4 drivers/mmc/built-in.o
                0x00000000011124ee                __board_mmc_getcd
                0x00000000011124ee                board_mmc_getcd
 .text.mmc_send_cmd
                0x00000000011124f2        0xb drivers/mmc/built-in.o
                0x00000000011124f2                mmc_send_cmd
 .text.mmc_send_status
                0x00000000011124fd       0xa3 drivers/mmc/built-in.o
                0x00000000011124fd                mmc_send_status
 .text.mmc_set_blocklen
                0x00000000011125a0       0x22 drivers/mmc/built-in.o
                0x00000000011125a0                mmc_set_blocklen
 .text.find_mmc_device
                0x00000000011125c2       0x36 drivers/mmc/built-in.o
                0x00000000011125c2                find_mmc_device
 .text.mmc_bread
                0x00000000011125f8      0x146 drivers/mmc/built-in.o
 .text.mmc_go_idle
                0x000000000111273e       0x48 drivers/mmc/built-in.o
 .text.mmc_send_op_cond_iter
                0x0000000001112786       0x6a drivers/mmc/built-in.o
 .text.mmc_send_op_cond
                0x00000000011127f0       0x53 drivers/mmc/built-in.o
                0x00000000011127f0                mmc_send_op_cond
 .text.mmc_complete_op_cond
                0x0000000001112843       0x76 drivers/mmc/built-in.o
                0x0000000001112843                mmc_complete_op_cond
 .text.mmc_send_ext_csd
                0x00000000011128b9       0x44 drivers/mmc/built-in.o
 .text.mmc_set_capacity
                0x00000000011128fd       0x86 drivers/mmc/built-in.o
 .text.mmc_switch_part
                0x0000000001112983       0x40 drivers/mmc/built-in.o
                0x0000000001112983                mmc_switch_part
 .text.mmc_getcd
                0x00000000011129c3       0x26 drivers/mmc/built-in.o
                0x00000000011129c3                mmc_getcd
 .text.mmc_set_ios
                0x00000000011129e9       0x10 drivers/mmc/built-in.o
 .text.mmc_set_clock
                0x00000000011129f9       0x1f drivers/mmc/built-in.o
                0x00000000011129f9                mmc_set_clock
 .text.mmc_startup
                0x0000000001112a18      0xad7 drivers/mmc/built-in.o
 .text.mmc_create
                0x00000000011134ef       0xd9 drivers/mmc/built-in.o
                0x00000000011134ef                mmc_create
 .text.mmc_get_dev
                0x00000000011135c8       0x21 drivers/mmc/built-in.o
                0x00000000011135c8                mmc_get_dev
 .text.mmc_start_init
                0x00000000011135e9      0x1d2 drivers/mmc/built-in.o
                0x00000000011135e9                mmc_start_init
 .text.mmc_init
                0x00000000011137bb       0x6a drivers/mmc/built-in.o
                0x00000000011137bb                mmc_init
 .text.mmc_set_dsr
                0x0000000001113825        0x9 drivers/mmc/built-in.o
                0x0000000001113825                mmc_set_dsr
 .text.__def_mmc_init
                0x000000000111382e        0x4 drivers/mmc/built-in.o
                0x000000000111382e                cpu_mmc_init
 .text.print_mmc_devices
                0x0000000001113832       0x63 drivers/mmc/built-in.o
                0x0000000001113832                print_mmc_devices
 .text.get_mmc_num
                0x0000000001113895        0x6 drivers/mmc/built-in.o
                0x0000000001113895                get_mmc_num
 .text.mmc_initialize
                0x000000000111389b       0x61 drivers/mmc/built-in.o
                0x000000000111389b                mmc_initialize
 .text.mmc_boot_partition_size_change
                0x00000000011138fc       0xa9 drivers/mmc/built-in.o
                0x00000000011138fc                mmc_boot_partition_size_change
 .text.mmc_set_boot_bus_width
                0x00000000011139a5       0x1c drivers/mmc/built-in.o
                0x00000000011139a5                mmc_set_boot_bus_width
 .text.mmc_set_part_conf
                0x00000000011139c1       0x19 drivers/mmc/built-in.o
                0x00000000011139c1                mmc_set_part_conf
 .text.mmc_set_rst_n_function
                0x00000000011139da        0xd drivers/mmc/built-in.o
                0x00000000011139da                mmc_set_rst_n_function
 .text.mmc_switch.isra.1
                0x00000000011139e7       0x44 drivers/mmc/built-in.o
 .text.sdhci_reset
                0x0000000001113a2b       0x59 drivers/mmc/built-in.o
 .text.sdhci_send_command
                0x0000000001113a84      0x417 drivers/mmc/built-in.o
                0x0000000001113a84                sdhci_send_command
 .text.sdhci_set_ios
                0x0000000001113e9b      0x164 drivers/mmc/built-in.o
                0x0000000001113e9b                sdhci_set_ios
 .text.sdhci_init
                0x0000000001113fff      0x132 drivers/mmc/built-in.o
                0x0000000001113fff                sdhci_init
 .text.add_sdhci
                0x0000000001114131      0x146 drivers/mmc/built-in.o
                0x0000000001114131                add_sdhci
 .text.tangier_sdhci_init
                0x0000000001114277       0x7a drivers/mmc/built-in.o
                0x0000000001114277                tangier_sdhci_init
 .text.mmc_berase
                0x00000000011142f1      0x173 drivers/mmc/built-in.o
                0x00000000011142f1                mmc_berase
 .text.mmc_bwrite
                0x0000000001114464      0x148 drivers/mmc/built-in.o
                0x0000000001114464                mmc_bwrite
 .text.pci_hose_read_config_byte
                0x00000000011145ac       0x16 drivers/pci/built-in.o
                0x00000000011145ac                pci_hose_read_config_byte
 .text.pci_hose_read_config_word
                0x00000000011145c2       0x16 drivers/pci/built-in.o
                0x00000000011145c2                pci_hose_read_config_word
 .text.pci_hose_read_config_dword
                0x00000000011145d8       0x16 drivers/pci/built-in.o
                0x00000000011145d8                pci_hose_read_config_dword
 .text.pci_hose_write_config_byte
                0x00000000011145ee       0x17 drivers/pci/built-in.o
                0x00000000011145ee                pci_hose_write_config_byte
 .text.pci_hose_write_config_word
                0x0000000001114605       0x17 drivers/pci/built-in.o
                0x0000000001114605                pci_hose_write_config_word
 .text.pci_hose_write_config_dword
                0x000000000111461c       0x16 drivers/pci/built-in.o
                0x000000000111461c                pci_hose_write_config_dword
 .text.pci_read_config_byte
                0x0000000001114632       0x32 drivers/pci/built-in.o
                0x0000000001114632                pci_read_config_byte
 .text.pci_read_config_word
                0x0000000001114664       0x34 drivers/pci/built-in.o
                0x0000000001114664                pci_read_config_word
 .text.pci_read_config_dword
                0x0000000001114698       0x35 drivers/pci/built-in.o
                0x0000000001114698                pci_read_config_dword
 .text.pci_write_config_byte
                0x00000000011146cd       0x3a drivers/pci/built-in.o
                0x00000000011146cd                pci_write_config_byte
 .text.pci_write_config_word
                0x0000000001114707       0x32 drivers/pci/built-in.o
                0x0000000001114707                pci_write_config_word
 .text.pci_write_config_dword
                0x0000000001114739       0x2f drivers/pci/built-in.o
                0x0000000001114739                pci_write_config_dword
 .text.pci_register_hose
                0x0000000001114768       0x1e drivers/pci/built-in.o
                0x0000000001114768                pci_register_hose
 .text.pci_bus_to_hose
                0x0000000001114786       0x2c drivers/pci/built-in.o
                0x0000000001114786                pci_bus_to_hose
 .text.pci_find_config
                0x00000000011147b2       0x6a drivers/pci/built-in.o
                0x00000000011147b2                pci_find_config
 .text.pci_class_str
                0x000000000111481c       0xcd drivers/pci/built-in.o
                0x000000000111481c                pci_class_str
 .text.__pci_skip_dev
                0x00000000011148e9        0xf drivers/pci/built-in.o
                0x00000000011148e9                __pci_skip_dev
                0x00000000011148e9                pci_skip_dev
 .text.pci_hose_scan_bus
                0x00000000011148f8      0x146 drivers/pci/built-in.o
                0x00000000011148f8                pci_hose_scan_bus
 .text.pci_hose_scan
                0x0000000001114a3e       0x1c drivers/pci/built-in.o
                0x0000000001114a3e                pci_hose_scan
 .text.pci_init
                0x0000000001114a5a        0xf drivers/pci/built-in.o
                0x0000000001114a5a                pci_init
 .text.serial_null
                0x0000000001114a69        0x1 drivers/serial/built-in.o
                0x0000000001114a69                jz_serial_initialize
                0x0000000001114a69                bfin_serial_initialize
                0x0000000001114a69                p3mx_serial_initialize
                0x0000000001114a69                leon2_serial_initialize
                0x0000000001114a69                leon3_serial_initialize
                0x0000000001114a69                amirix_serial_initialize
                0x0000000001114a69                marvell_serial_initialize
                0x0000000001114a69                cpci750_serial_initialize
                0x0000000001114a69                ns16550_serial_initialize
                0x0000000001114a69                asc_serial_initialize
                0x0000000001114a69                altera_serial_initialize
                0x0000000001114a69                oc_serial_initialize
                0x0000000001114a69                sh_serial_initialize
                0x0000000001114a69                mxs_auart_initialize
                0x0000000001114a69                arm_dcc_initialize
                0x0000000001114a69                bmw_serial_initialize
                0x0000000001114a69                arc_serial_initialize
                0x0000000001114a69                mcf_serial_initialize
                0x0000000001114a69                lh7a40x_serial_initialize
                0x0000000001114a69                evb64260_serial_initialize
                0x0000000001114a69                lpc32xx_serial_initialize
                0x0000000001114a69                max3100_serial_initialize
                0x0000000001114a69                mpc85xx_serial_initialize
                0x0000000001114a69                imx_serial_initialize
                0x0000000001114a69                bfin_jtag_initialize
                0x0000000001114a69                cogent_serial_initialize
                0x0000000001114a69                clps7111_serial_initialize
                0x0000000001114a69                ml2_serial_initialize
                0x0000000001114a69                sandbox_serial_initialize
                0x0000000001114a69                s3c24xx_serial_initialize
                0x0000000001114a69                sconsole_serial_initialize
                0x0000000001114a69                uartlite_serial_initialize
                0x0000000001114a69                au1x00_serial_initialize
                0x0000000001114a69                pxa_serial_initialize
                0x0000000001114a69                atmel_serial_initialize
                0x0000000001114a69                pl01x_serial_initialize
                0x0000000001114a69                altera_jtag_serial_initialize
                0x0000000001114a69                zynq_serial_initalize
                0x0000000001114a69                mpc512x_serial_initialize
                0x0000000001114a69                s5p_serial_initialize
                0x0000000001114a69                ks8695_serial_initialize
                0x0000000001114a69                sa1100_serial_initialize
                0x0000000001114a69                mpc8260_scc_serial_initialize
                0x0000000001114a69                mxc_serial_initialize
                0x0000000001114a69                iop480_serial_initialize
                0x0000000001114a69                mpc8xx_serial_initialize
                0x0000000001114a69                mpc8260_smc_serial_initialize
                0x0000000001114a69                mpc5xx_serial_initialize
 .text.on_baudrate
                0x0000000001114a6a       0xd3 drivers/serial/built-in.o
 .text.serial_initialize
                0x0000000001114b3d       0xfa drivers/serial/built-in.o
                0x0000000001114b3d                serial_initialize
 .text.serial_stdio_init
                0x0000000001114c37       0x69 drivers/serial/built-in.o
                0x0000000001114c37                serial_stdio_init
 .text.serial_assign
                0x0000000001114ca0       0x30 drivers/serial/built-in.o
                0x0000000001114ca0                serial_assign
 .text.get_current
                0x0000000001114cd0       0x2d drivers/serial/built-in.o
 .text.serial_init
                0x0000000001114cfd        0x9 drivers/serial/built-in.o
                0x0000000001114cfd                serial_init
 .text.serial_setbrg
                0x0000000001114d06        0x9 drivers/serial/built-in.o
                0x0000000001114d06                serial_setbrg
 .text.serial_getc
                0x0000000001114d0f        0x9 drivers/serial/built-in.o
                0x0000000001114d0f                serial_getc
 .text.serial_tstc
                0x0000000001114d18        0x9 drivers/serial/built-in.o
                0x0000000001114d18                serial_tstc
 .text.serial_putc
                0x0000000001114d21       0x12 drivers/serial/built-in.o
                0x0000000001114d21                serial_putc
 .text.serial_puts
                0x0000000001114d33       0x11 drivers/serial/built-in.o
                0x0000000001114d33                serial_puts
 .text.serial_init_dev
                0x0000000001114d44       0x66 drivers/serial/built-in.o
 .text._serial_getc
                0x0000000001114daa       0x26 drivers/serial/built-in.o
                0x0000000001114daa                _serial_getc
 .text._serial_putc
                0x0000000001114dd0       0x2d drivers/serial/built-in.o
                0x0000000001114dd0                _serial_putc
 .text._serial_puts
                0x0000000001114dfd       0x1a drivers/serial/built-in.o
                0x0000000001114dfd                _serial_puts
 .text.tng_serial0_init
                0x0000000001114e17        0x7 drivers/serial/built-in.o
                0x0000000001114e17                tng_serial0_init
 .text.tng_serial0_shutdown
                0x0000000001114e1e       0x32 drivers/serial/built-in.o
                0x0000000001114e1e                tng_serial0_shutdown
 .text.tng_serial0_setbrg
                0x0000000001114e50        0x1 drivers/serial/built-in.o
                0x0000000001114e50                tng_serial0_setbrg
 .text.tng_serial0_getc
                0x0000000001114e51        0x7 drivers/serial/built-in.o
                0x0000000001114e51                tng_serial0_getc
 .text.tng_serial0_tstc
                0x0000000001114e58        0x9 drivers/serial/built-in.o
                0x0000000001114e58                tng_serial0_tstc
 .text.tng_serial0_putc
                0x0000000001114e61        0xa drivers/serial/built-in.o
                0x0000000001114e61                tng_serial0_putc
 .text.tng_serial0_puts
                0x0000000001114e6b        0x7 drivers/serial/built-in.o
                0x0000000001114e6b                tng_serial0_puts
 .text.tng_serial1_init
                0x0000000001114e72        0xa drivers/serial/built-in.o
                0x0000000001114e72                tng_serial1_init
 .text.tng_serial1_shutdown
                0x0000000001114e7c       0x32 drivers/serial/built-in.o
                0x0000000001114e7c                tng_serial1_shutdown
 .text.tng_serial1_setbrg
                0x0000000001114eae        0x1 drivers/serial/built-in.o
                0x0000000001114eae                tng_serial1_setbrg
 .text.tng_serial1_getc
                0x0000000001114eaf        0xa drivers/serial/built-in.o
                0x0000000001114eaf                tng_serial1_getc
 .text.tng_serial1_tstc
                0x0000000001114eb9        0x9 drivers/serial/built-in.o
                0x0000000001114eb9                tng_serial1_tstc
 .text.tng_serial1_putc
                0x0000000001114ec2        0xd drivers/serial/built-in.o
                0x0000000001114ec2                tng_serial1_putc
 .text.tng_serial1_puts
                0x0000000001114ecf        0xa drivers/serial/built-in.o
                0x0000000001114ecf                tng_serial1_puts
 .text.tng_serial2_init
                0x0000000001114ed9        0xa drivers/serial/built-in.o
                0x0000000001114ed9                tng_serial2_init
 .text.tng_serial2_shutdown
                0x0000000001114ee3       0x32 drivers/serial/built-in.o
                0x0000000001114ee3                tng_serial2_shutdown
 .text.tng_serial2_setbrg
                0x0000000001114f15        0x1 drivers/serial/built-in.o
                0x0000000001114f15                tng_serial2_setbrg
 .text.tng_serial2_getc
                0x0000000001114f16        0xa drivers/serial/built-in.o
                0x0000000001114f16                tng_serial2_getc
 .text.tng_serial2_tstc
                0x0000000001114f20        0x9 drivers/serial/built-in.o
                0x0000000001114f20                tng_serial2_tstc
 .text.tng_serial2_putc
                0x0000000001114f29        0xd drivers/serial/built-in.o
                0x0000000001114f29                tng_serial2_putc
 .text.tng_serial2_puts
                0x0000000001114f36        0xa drivers/serial/built-in.o
                0x0000000001114f36                tng_serial2_puts
 .text.default_serial_console
                0x0000000001114f40        0x6 drivers/serial/built-in.o
                0x0000000001114f40                default_serial_console
 .text.dwc3_set_mode
                0x0000000001114f46       0x1b drivers/usb/dwc3/built-in.o
                0x0000000001114f46                dwc3_set_mode
 .text.dwc3_free_event_buffers
                0x0000000001114f61       0x38 drivers/usb/dwc3/built-in.o
 .text.dwc3_event_buffers_cleanup
                0x0000000001114f99       0x56 drivers/usb/dwc3/built-in.o
 .text.dwc3_probe
                0x0000000001114fef      0x42f drivers/usb/dwc3/built-in.o
                0x0000000001114fef                dwc3_probe
 .text.usb_gadget_init_udc
                0x000000000111541e        0x7 drivers/usb/dwc3/built-in.o
                0x000000000111541e                usb_gadget_init_udc
 .text.usb_gadget_handle_interrupts
                0x0000000001115425       0x15 drivers/usb/dwc3/built-in.o
                0x0000000001115425                usb_gadget_handle_interrupts
 .text.dwc3_ep0_start_trans
                0x000000000111543a       0xfd drivers/usb/dwc3/built-in.o
 .text.__dwc3_gadget_ep0_queue
                0x0000000001115537       0xe1 drivers/usb/dwc3/built-in.o
 .text.dwc3_gadget_ep0_queue
                0x0000000001115618       0x1f drivers/usb/dwc3/built-in.o
                0x0000000001115618                dwc3_gadget_ep0_queue
 .text.dwc3_ep0_stall_and_restart
                0x0000000001115637       0x4d drivers/usb/dwc3/built-in.o
 .text.dwc3_ep0_out_start
                0x0000000001115684       0x48 drivers/usb/dwc3/built-in.o
                0x0000000001115684                dwc3_ep0_out_start
 .text.dwc3_ep0_status_cmpl
                0x00000000011156cc        0x1 drivers/usb/dwc3/built-in.o
 .text.dwc3_ep0_handle_feature
                0x00000000011156cd       0xd0 drivers/usb/dwc3/built-in.o
 .text.dwc3_ep0_delegate_req
                0x000000000111579d        0xf drivers/usb/dwc3/built-in.o
 .text.dwc3_ep0_do_control_status
                0x00000000011157ac       0x62 drivers/usb/dwc3/built-in.o
 .text.dwc3_ep0_interrupt
                0x000000000111580e      0x553 drivers/usb/dwc3/built-in.o
                0x000000000111580e                dwc3_ep0_interrupt
 .text.dwc3_map_buffer_to_dma
                0x0000000001115d61       0x16 drivers/usb/dwc3/built-in.o
                0x0000000001115d61                dwc3_map_buffer_to_dma
 .text.dwc3_unmap_buffer_from_dma
                0x0000000001115d77       0x1c drivers/usb/dwc3/built-in.o
                0x0000000001115d77                dwc3_unmap_buffer_from_dma
 .text.dwc3_gadget_giveback
                0x0000000001115d93       0x62 drivers/usb/dwc3/built-in.o
                0x0000000001115d93                dwc3_gadget_giveback
 .text.dwc3_send_gadget_ep_cmd
                0x0000000001115df5       0x84 drivers/usb/dwc3/built-in.o
                0x0000000001115df5                dwc3_send_gadget_ep_cmd
 .text.dwc3_remove_requests
                0x0000000001115e79       0x33 drivers/usb/dwc3/built-in.o
 .text.__dwc3_gadget_ep_disable
                0x0000000001115eac       0x51 drivers/usb/dwc3/built-in.o
 .text.dwc3_gadget_ep0_enable
                0x0000000001115efd        0x6 drivers/usb/dwc3/built-in.o
 .text.dwc3_gadget_ep0_disable
                0x0000000001115f03        0x6 drivers/usb/dwc3/built-in.o
 .text.dwc3_gadget_ep_enable
                0x0000000001115f09       0xd7 drivers/usb/dwc3/built-in.o
 .text.dwc3_gadget_ep_disable