core.c:114:31:usbd_get_string	4	static
core.c:151:32:usbd_device_interface_instance	8	static
core.c:173:32:usbd_device_alternate_instance	16	static
core.c:197:31:usbd_device_device_descriptor	4	static
core.c:210:38:usbd_device_configuration_descriptor	4	static
core.c:232:34:usbd_device_interface_descriptor	16	static
core.c:256:33:usbd_device_endpoint_descriptor_index	20	static
core.c:281:5:usbd_device_endpoint_transfersize	20	static
core.c:306:33:usbd_device_endpoint_descriptor	4	static
core.c:326:5:usbd_endpoint_halted	4	static
core.c:340:6:usbd_rcv_complete	32	static
core.c:383:6:usbd_tx_complete	16	static
core.c:430:6:urb_link_init	4	static
core.c:443:6:urb_detach	4	static
core.c:459:11:first_urb_link	4	static
core.c:475:13:first_urb	4	static
core.c:490:13:first_urb_detached	8	static
core.c:505:6:urb_append	8	static
core.c:535:13:usbd_alloc_urb	32	static
core.c:564:6:usbd_dealloc_urb	4	static
core.c:580:6:usbd_device_event_irq	28	static
