f_dfu.c:161:13:dnload_request_complete	20	static
f_dfu.c:169:13:dnload_request_flush	20	static
f_dfu.c:177:13:handle_getstatus	20	static
f_dfu.c:209:13:handle_getstate	4	static
f_dfu.c:254:12:state_app_idle	4	static
f_dfu.c:282:12:state_app_detach	4	static
f_dfu.c:306:12:state_dfu_idle	16	static
f_dfu.c:367:12:state_dfu_dnload_sync	4	static
f_dfu.c:391:12:state_dfu_dnbusy	4	static
f_dfu.c:412:12:state_dfu_dnload_idle	16	static
f_dfu.c:447:12:state_dfu_manifest_sync	12	static
f_dfu.c:475:12:state_dfu_manifest	8	static
f_dfu.c:502:12:state_dfu_upload_idle	12	static
f_dfu.c:540:12:state_dfu_error	4	static
f_dfu.c:585:1:dfu_handle	24	static
f_dfu.c:691:12:dfu_bind	24	static
f_dfu.c:732:13:dfu_unbind	16	static
f_dfu.c:758:12:dfu_set_alt	4	static
f_dfu.c:770:13:dfu_disable	4	static
f_dfu.c:806:5:dfu_add	12	static
f_dfu.c:230:12:3	24	static
