usb_mass_storage.h:47:5:fsg_add	4	static
thor.h:22:5:thor_add	4	static
composite.c:32:5:usb_add_function	12	static
composite.c:87:5:usb_function_deactivate	8	static
composite.c:110:5:usb_function_activate	4	static
composite.c:149:5:usb_interface_id	8	static
composite.c:247:12:count_configs	12	static
composite.c:416:5:usb_add_config	16	static
composite.c:484:13:collect_langs	16	static
composite.c:503:12:lookup_string	16	static
composite.c:610:5:usb_string_id	4	static
composite.c:640:5:usb_string_ids_tab	4	static
composite.c:674:5:usb_string_ids_n	12	static
composite.c:685:13:composite_setup_complete	4	static
composite.c:700:1:composite_setup	48	static
composite.c:899:13:composite_disconnect	8	static
composite.c:909:13:composite_unbind	44	static
composite.c:955:12:composite_bind	16	static
composite.c:1001:1:composite_suspend	12	static
composite.c:1020:1:composite_resume	12	static
composite.c:1066:5:usb_composite_register	4	static
composite.c:1085:6:usb_composite_unregister	4	static
g_dnl.c:49:6:g_dnl_set_serialnumber	8	static
g_dnl.c:92:12:g_dnl_unbind	12	static
g_dnl.c:105:12:g_dnl_do_config	20	static
g_dnl.c:145:5:g_dnl_bind_fixup	4	static
g_dnl.c:150:12:g_dnl_get_board_bcd_device_number	4	static
g_dnl.c:167:12:g_dnl_bind	16	static
g_dnl.c:230:5:g_dnl_register	20	static
g_dnl.c:263:6:g_dnl_unregister	4	static
composite.c:291:13:6	12	static
