dfu.c:25:6:dfu_reset	4	static
dfu.c:30:6:dfu_trigger_reset	4	static
dfu.c:35:6:dfu_enum_done	4	static
dfu.c:40:6:dfu_trigger_enum_done	4	static
dfu.c:56:5:dfu_init_env_entities	32	static
dfu.c:83:16:dfu_free_buf	4	static
dfu.c:90:15:dfu_get_buf_size	4	static
dfu.c:95:16:dfu_get_buf	16	static
dfu.c:114:12:dfu_write_buffer_drain	28	static
dfu.c:142:5:dfu_flush	20	static
dfu.c:164:5:dfu_write	48	static
dfu.c:286:5:dfu_read	48	static
dfu.c:384:6:dfu_free_entities	8	static
dfu.c:399:5:dfu_config_entities	44	static
dfu.c:425:13:dfu_get_dev_type	32	static
dfu.c:431:13:dfu_get_layout	40	static
dfu.c:438:6:dfu_show_entities	32	static
dfu.c:451:5:dfu_get_alt_number	4	static
dfu.c:456:20:dfu_get_entity	4	static
dfu.c:468:5:dfu_get_alt	12	static
