cpu.c:78:6:setup_gdt	16	static
cpu.c:105:12:x86_cleanup_before_linux	4	static
cpu.c:115:5:x86_cpu_init_f	4	static
cpu.c:132:5:x86_cpu_init_r	4	static
cpu.c:140:6:x86_enable_caches	4	static
cpu.c:151:6:x86_disable_caches	4	static
cpu.c:163:5:x86_init_cache	4	static
cpu.c:171:5:do_reset	8	static
cpu.c:184:7:flush_cache	4	static
cpu.c:198:6:__reset_cpu	8	static
cpu.c:207:5:dcache_status	4	static
cpu.c:213:6:flush_dcache_range	4	static
cpu.c:217:6:invalidate_dcache_range	4	static
cpu.c:221:6:dcache_enable	4	static
cpu.c:226:6:dcache_disable	4	static
cpu.c:231:6:icache_enable	4	static
cpu.c:235:6:icache_disable	4	static
cpu.c:239:5:icache_status	4	static
