ext4_journal.c:32:5:ext4fs_init_journal	28	static
ext4_journal.c:91:6:ext4fs_dump_metadata	24	static
ext4_journal.c:104:6:ext4fs_free_journal	8	static
ext4_journal.c:132:5:ext4fs_log_gdt	32	static
ext4_journal.c:154:5:ext4fs_log_journal	36	static
ext4_journal.c:186:5:ext4fs_put_metadata	36	static
ext4_journal.c:202:6:print_revoke_blks	24	static
ext4_journal.c:236:6:ext4fs_push_revoke_blk	28	static
ext4_journal.c:265:6:ext4fs_free_revoke_blks	8	static
ext4_journal.c:288:5:check_blknr_for_revoke	24	static
ext4_journal.c:328:6:recover_transaction	168	static
ext4_journal.c:382:6:print_jrnl_status	8	static
ext4_journal.c:390:5:ext4fs_check_journal_state	172	static
ext4_journal.c:634:6:ext4fs_update_journal	312	static
