ext4_common.c:48:10:ext4fs_div_roundup	8	static
ext4_common.c:57:6:put_ext4	80	dynamic
ext4_common.c:187:5:ext4fs_set_block_bmap	20	static
ext4_common.c:223:6:ext4fs_reset_block_bmap	20	static
ext4_common.c:253:5:ext4fs_set_inode_bmap	12	static
ext4_common.c:278:6:ext4fs_reset_inode_bmap	12	static
ext4_common.c:299:5:ext4fs_checksum_update	16	static
ext4_common.c:350:6:ext4fs_update_parent_dentry	68	static
ext4_common.c:509:12:search_dir	40	static
ext4_common.c:632:5:ext4fs_iget	4	static
ext4_common.c:648:5:ext4fs_get_parent_inode_num	176	static
ext4_common.c:828:5:ext4fs_filename_check	40	static
ext4_common.c:848:10:ext4fs_get_new_blk_no	52	static
ext4_common.c:976:5:ext4fs_get_new_inode_no	52	static
ext4_common.c:1376:6:ext4fs_allocate_blocks	76	static
ext4_common.c:1471:5:ext4fs_read_inode	76	static
ext4_common.c:1502:10:read_allocated_block	36	static
ext4_common.c:1846:6:ext4fs_close	4	static
ext4_common.c:1876:5:ext4fs_iterate_dir	64	dynamic
ext4_common.c:2035:12:ext4fs_find_file1	52	dynamic
ext4_common.c:2135:5:ext4fs_find_file	16	static
ext4_common.c:2159:5:ext4fs_open	12	static
ext4_common.c:2190:5:ext4fs_mount	16	static
