mmc.c:23:12:board_mmc_getwp	4	static
mmc.c:28:5:mmc_getwp	8	static
mmc.c:44:5:__board_mmc_getcd	4	static
mmc.c:51:5:mmc_send_cmd	8	static
mmc.c:109:5:mmc_send_status	52	static
mmc.c:157:5:mmc_set_blocklen	32	static
mmc.c:168:13:find_mmc_device	12	static
mmc.c:228:14:mmc_bread	84	static
mmc.c:263:12:mmc_go_idle	36	static
mmc.c:350:12:mmc_send_op_cond_iter	12	static
mmc.c:374:5:mmc_send_op_cond	36	static
mmc.c:396:5:mmc_complete_op_cond	40	static
mmc.c:435:12:mmc_send_ext_csd	48	static
mmc.c:525:12:mmc_set_capacity	16	static
mmc.c:553:5:mmc_switch_part	12	static
mmc.c:570:5:mmc_getcd	8	static
mmc.c:748:13:mmc_set_ios	4	static
mmc.c:754:6:mmc_set_clock	8	static
mmc.c:774:12:mmc_startup	1464	static
mmc.c:1171:18:mmc_register	12	static
mmc.c:1179:13:mmc_create	12	static
mmc.c:1218:6:mmc_destroy	4	static
mmc.c:1225:19:mmc_get_dev	8	static
mmc.c:1235:5:mmc_start_init	48	static
mmc.c:1310:5:mmc_init	8	static
mmc.c:1326:5:mmc_set_dsr	4	static
mmc.c:1336:12:__def_mmc_init	4	static
mmc.c:1346:6:print_mmc_devices	24	static
mmc.c:1367:5:get_mmc_num	4	static
mmc.c:1372:6:mmc_set_preinit	4	static
mmc.c:1391:5:mmc_initialize	8	static
mmc.c:1420:5:mmc_boot_partition_size_change	44	static
mmc.c:1482:5:mmc_set_boot_bus_width	4	static
mmc.c:1503:5:mmc_set_part_conf	4	static
mmc.c:1523:5:mmc_set_rst_n_function	4	static
mmc.c:457:12:1	36	static
