fs.c:32:19:fs_probe_unsupported	8	static
fs.c:39:19:fs_ls_unsupported	4	static
fs.c:44:19:fs_exists_unsupported	4	static
fs.c:49:19:fs_read_unsupported	4	static
fs.c:55:19:fs_write_unsupported	4	static
fs.c:61:20:fs_close_unsupported	4	static
fs.c:134:28:fs_get_info	4	static
fs.c:148:5:fs_set_blk_dev	20	static
fs.c:190:13:fs_close	4	static
fs.c:199:5:fs_ls	12	static
fs.c:213:5:fs_exists	12	static
fs.c:226:5:fs_read	32	static
fs.c:250:5:fs_write	32	static
fs.c:269:5:do_load	40	static
fs.c:334:5:do_ls	12	static
fs.c:351:5:file_exists	8	static
fs.c:360:5:do_save	44	static
