string.c:30:5:strncasecmp	20	static
string.c:60:5:strcasecmp	4	static
string.c:73:8:strcpy	8	static
string.c:94:8:strncpy	12	static
string.c:111:8:strcat	12	static
string.c:134:8:strncat	16	static
string.c:159:5:strcmp	12	static
string.c:179:5:strncmp	20	static
string.c:199:8:strchr	4	static
string.c:214:8:strrchr	12	static
string.c:230:8:strlen	4	static
string.c:246:8:strnlen	4	static
string.c:257:8:strdup	12	static
string.c:278:8:strspn	16	static
string.c:304:8:strpbrk	12	static
string.c:326:8:strtok	12	static
string.c:359:8:strsep	12	static
string.c:383:7:strswab	8	static
string.c:452:8:bcopy	12	static
string.c:507:8:memmove	20	static
string.c:538:5:memcmp	16	static
string.c:560:8:memscan	8	static
string.c:580:8:strstr	24	static
string.c:608:7:memchr	8	static
string.c:640:7:memchr_inv	28	static
