vsprintf.c:42:15:simple_strtoul	16	static
vsprintf.c:74:5:strict_strtoul	24	static
vsprintf.c:98:6:simple_strtol	4	static
vsprintf.c:106:15:ustrtoul	8	static
vsprintf.c:129:20:ustrtoull	16	static
vsprintf.c:152:20:simple_strtoull	40	static
vsprintf.c:284:23:put_dec	28	static
vsprintf.c:820:5:vsprintf	4	static
vsprintf.c:825:5:sprintf	4	static
vsprintf.c:836:6:panic	8	static
vsprintf.c:853:6:__assert_fail	24	static
vsprintf.c:861:7:simple_itoa	12	static
vsprintf.c:876:6:print_grouped_ull	56	static
vsprintf.c:317:14:1	112	static
vsprintf.c:562:12:3	52	static
