dwc3_gadget.c:50:6:dwc3_map_buffer_to_dma	4	static
dwc3_gadget.c:67:6:dwc3_unmap_buffer_from_dma	4	static
dwc3_gadget.c:85:6:dwc3_gadget_giveback	12	static
dwc3_gadget.c:143:5:dwc3_send_gadget_ep_cmd	16	static
dwc3_gadget.c:370:13:dwc3_remove_requests	12	static
dwc3_gadget.c:392:12:__dwc3_gadget_ep_disable	12	static
dwc3_gadget.c:414:12:dwc3_gadget_ep0_enable	4	static
dwc3_gadget.c:420:12:dwc3_gadget_ep0_disable	4	static
dwc3_gadget.c:427:12:dwc3_gadget_ep_enable	32	static
dwc3_gadget.c:480:12:dwc3_gadget_ep_disable	28	static
dwc3_gadget.c:512:28:dwc3_gadget_ep_alloc_request	16	static
dwc3_gadget.c:531:13:dwc3_gadget_ep_free_request	4	static
dwc3_gadget.c:548:29:dwc3_prepare_trbs	44	static
dwc3_gadget.c:681:12:__dwc3_gadget_kick_transfer	44	static
dwc3_gadget.c:803:12:dwc3_gadget_ep_queue	12	static
dwc3_gadget.c:830:12:dwc3_gadget_ep_dequeue	28	static
dwc3_gadget.c:874:5:__dwc3_gadget_ep_set_halt	44	static
dwc3_gadget.c:917:12:dwc3_gadget_ep_set_halt	12	static
dwc3_gadget.c:970:12:dwc3_gadget_get_frame	4	static
dwc3_gadget.c:979:12:dwc3_gadget_wakeup	16	static
dwc3_gadget.c:1063:12:dwc3_gadget_set_selfpowered	4	static
dwc3_gadget.c:1102:12:dwc3_gadget_pullup	16	static
dwc3_gadget.c:1206:5:usb_gadget_probe_driver	24	static
dwc3_gadget.c:1543:13:dwc3_disconnect_gadget	4	static
dwc3_gadget.c:1552:13:dwc3_stop_active_transfer	48	static
dwc3_gadget.c:1573:13:dwc3_stop_active_transfers	16	static
dwc3_gadget.c:1663:13:dwc3_gadget_reset_interrupt	52	static
dwc3_gadget.c:2005:13:dwc3_interrupt	60	static
dwc3_gadget.c:2032:15:dwc3_gadget_init	44	static
dwc3_gadget.c:2126:6:dwc3_gadget_exit	16	static
dwc3_gadget.c:2151:5:usb_gadget_register_driver	4	static
dwc3_gadget.c:2160:5:usb_gadget_unregister_driver	16	static
dwc3_gadget.c:1293:12:19	80	static
dwc3_gadget.c:1356:13:20	12	static
dwc3_gadget.c:314:12:28	44	static
