common.h:311:19:print_cpuinfo	4	static
trace.h:95:19:trace_early_init	4	static
board_f.c:81:13:__coloured_LED_init	4	static
board_f.c:84:13:__red_led_on	4	static
board_f.c:86:13:__red_led_off	4	static
board_f.c:88:13:__green_led_on	4	static
board_f.c:90:13:__green_led_off	4	static
board_f.c:92:13:__yellow_led_on	4	static
board_f.c:94:13:__yellow_led_off	4	static
board_f.c:96:13:__blue_led_on	4	static
board_f.c:98:13:__blue_led_off	4	static
board_f.c:117:12:init_func_watchdog_init	4	static
board_f.c:125:5:init_func_watchdog_reset	4	static
board_f.c:133:6:__board_add_ram_info	4	static
board_f.c:141:12:init_baud_rate	8	static
board_f.c:147:12:display_text_info	4	static
board_f.c:170:12:announce_dram_init	4	static
board_f.c:195:12:show_dram_config	4	static
board_f.c:222:6:__dram_init_banksize	4	static
board_f.c:265:12:setup_mon_len	4	static
board_f.c:278:12:arch_cpu_init	4	static
board_f.c:361:14:board_get_usable_ram_top	4	static
board_f.c:366:12:setup_dest_addr	12	static
board_f.c:432:12:reserve_round_4k	4	static
board_f.c:470:12:reserve_trace	4	static
board_f.c:494:12:reserve_uboot	4	static
board_f.c:517:12:reserve_malloc	4	static
board_f.c:526:12:reserve_board	4	static
board_f.c:537:12:setup_machine	4	static
board_f.c:545:12:reserve_global_data	4	static
board_f.c:575:12:reserve_stacks	4	static
board_f.c:619:12:display_new_sp	4	static
board_f.c:715:12:setup_baud_rate	4	static
board_f.c:723:12:setup_dram_config	4	static
board_f.c:743:12:setup_reloc	4	static
board_f.c:759:12:jump_to_copy	4	static
board_f.c:786:12:mark_bootstage	4	static
board_f.c:983:6:board_init_f	4	static
board_f.c:1041:6:board_init_f_r	4	static
