cmd_nvedit.c:69:5:get_env_id	4	static
cmd_nvedit.c:80:12:env_print	68	static
cmd_nvedit.c:111:12:do_env_print	32	static
cmd_nvedit.c:148:12:do_env_grep	40	static
cmd_nvedit.c:282:5:setenv	20	static
cmd_nvedit.c:303:5:setenv_ulong	8	static
cmd_nvedit.c:318:5:setenv_hex	44	static
cmd_nvedit.c:326:7:getenv_hex	16	static
cmd_nvedit.c:342:12:do_env_set	4	static
cmd_nvedit.c:354:5:do_env_ask	2104	static
cmd_nvedit.c:427:12:print_static_binding	16	static
cmd_nvedit.c:434:12:print_active_callback	24	static
cmd_nvedit.c:468:5:do_env_callback	24	static
cmd_nvedit.c:502:12:print_static_flags	32	static
cmd_nvedit.c:514:12:print_active_flags	32	static
cmd_nvedit.c:535:5:do_env_flags	20	static
cmd_nvedit.c:577:12:do_env_edit	2072	static
cmd_nvedit.c:606:7:getenv	68	static
cmd_nvedit.c:630:5:getenv_f	44	static
cmd_nvedit.c:674:7:getenv_ulong	12	static
cmd_nvedit.c:687:12:do_env_save	12	static
cmd_nvedit.c:711:5:envmatch	24	static
cmd_nvedit.c:727:12:do_env_default	16	static
cmd_nvedit.c:764:12:do_env_delete	20	static
cmd_nvedit.c:845:12:do_env_export	96	static
cmd_nvedit.c:960:12:do_env_import	52	static
cmd_nvedit.c:1064:12:do_env_exists	64	static
cmd_nvedit.c:1127:12:do_env	28	static
cmd_nvedit.c:208:12:0	80	static
