console.c:19:12:on_console	28	static
console.c:99:12:console_setfile	12	static
console.c:256:5:serial_printf	2080	static
console.c:274:5:fgetc	4	static
console.c:305:5:ftstc	4	static
console.c:313:6:fputc	4	static
console.c:319:6:fputs	4	static
console.c:325:5:fprintf	2080	static
console.c:346:5:getc	4	static
console.c:365:5:tstc	4	static
console.c:417:6:putc	4	static
console.c:447:6:puts	4	static
console.c:478:5:printf	2080	static
console.c:502:5:vprintf	2080	static
console.c:525:5:ctrlc	4	static
console.c:544:5:disable_ctrlc	4	static
console.c:552:5:had_ctrlc	4	static
console.c:557:6:clear_ctrlc	4	static
console.c:595:13:dbg	4	static
console.c:602:19:search_device	8	static
console.c:614:5:console_assign	8	static
console.c:643:5:console_init_f	4	static
console.c:657:6:stdio_print_current_devices	12	static
console.c:773:5:console_init_r	16	static
