env_flags.c:62:6:env_flags_print_vartypes	20	static
env_flags.c:76:6:env_flags_print_varaccess	20	static
env_flags.c:90:13:env_flags_get_vartype_name	4	static
env_flags.c:98:13:env_flags_get_varaccess_name	4	static
env_flags.c:107:24:env_flags_parse_vartype	16	static
env_flags.c:129:26:env_flags_parse_varaccess	16	static
env_flags.c:151:26:env_flags_parse_varaccess_from_binflags	4	static
env_flags.c:406:6:env_flags_init	16	static
env_flags.c:428:12:clear_flags	4	static
env_flags.c:438:12:set_flags	68	static
env_flags.c:459:12:on_flags	8	static
env_flags.c:482:5:env_flags_validate	48	static
