hush.c:376:13:syntax_err	8	static
hush.c:881:12:b_addchr	16	static
hush.c:891:13:b_reset	4	static
hush.c:909:12:b_addqchr	12	static
hush.c:930:12:static_get	4	static
hush.c:937:12:static_peek	4	static
hush.c:1073:12:file_get	12	static
hush.c:1116:12:file_peek	4	static
hush.c:1743:12:run_list_real	84	static
hush.c:1983:12:free_pipe_list	28	static
hush.c:2119:7:get_local_var	24	static
hush.c:2141:5:set_local_var	32	static
hush.c:2232:6:unset_local_var	24	static
hush.c:2262:12:is_assignment	4	static
hush.c:2324:21:new_pipe	4	static
hush.c:2432:12:done_word	28	static
hush.c:2518:12:done_command	12	static
hush.c:2567:12:done_pipe	12	static
hush.c:3127:13:mapset	4	static
hush.c:3161:12:parse_stream_outer	88	static
hush.c:3232:5:parse_string_outer	36	static
hush.c:3261:5:parse_file_outer	24	static
hush.c:3289:5:u_boot_hush_start	4	static
hush.c:3305:14:xmalloc	8	static
hush.c:3316:14:xrealloc	8	static
hush.c:3495:14:insert_var_value_sub	60	static
hush.c:3639:12:do_showvar	40	static
