serial_tng.c:99:6:_serial_setbrg	4	static
serial_tng.c:112:12:serial_init_dev	4	static
serial_tng.c:154:5:_serial_getc	4	static
serial_tng.c:172:6:_serial_putc	8	static
serial_tng.c:192:5:_serial_tstc	4	static
serial_tng.c:202:6:_serial_puts	12	static
serial_tng.c:215:1:tng_serial0_init	4	static
serial_tng.c:215:1:tng_serial0_shutdown	4	static
serial_tng.c:215:1:tng_serial0_setbrg	4	static
serial_tng.c:215:1:tng_serial0_getc	4	static
serial_tng.c:215:1:tng_serial0_tstc	4	static
serial_tng.c:215:1:tng_serial0_putc	4	static
serial_tng.c:215:1:tng_serial0_puts	4	static
serial_tng.c:218:1:tng_serial1_init	4	static
serial_tng.c:218:1:tng_serial1_shutdown	4	static
serial_tng.c:218:1:tng_serial1_setbrg	4	static
serial_tng.c:218:1:tng_serial1_getc	4	static
serial_tng.c:218:1:tng_serial1_tstc	4	static
serial_tng.c:218:1:tng_serial1_putc	4	static
serial_tng.c:218:1:tng_serial1_puts	4	static
serial_tng.c:221:1:tng_serial2_init	4	static
serial_tng.c:221:1:tng_serial2_shutdown	4	static
serial_tng.c:221:1:tng_serial2_setbrg	4	static
serial_tng.c:221:1:tng_serial2_getc	4	static
serial_tng.c:221:1:tng_serial2_tstc	4	static
serial_tng.c:221:1:tng_serial2_putc	4	static
serial_tng.c:221:1:tng_serial2_puts	4	static
serial_tng.c:225:30:default_serial_console	4	static
serial_tng.c:238:6:tng_serial_initialize	4	static
