fat.c:31:13:downcase	4	static
fat.c:47:12:disk_read	20	static
fat.c:56:5:fat_set_blk_dev	20	dynamic
fat.c:115:5:fat_register_device	144	static
fat.c:148:12:dirdelim	4	static
fat.c:163:13:get_name	20	static
fat.c:192:14:get_fatent	24	static
fat.c:290:1:get_cluster	40	dynamic
fat.c:471:12:slot2str	16	static
fat.c:504:1:get_vfatname	32	static
fat.c:587:13:mkcksum	8	static
fat.c:770:1:read_bootsectandvi	20	static
fat.c:841:1:do_fat_read_at	2552	static
fat.c:1198:1:do_fat_read	20	static
fat.c:1203:5:file_fat_detectfs	132	static
fat.c:1265:5:file_fat_ls	8	static
fat.c:1270:5:fat_exists	16	static
fat.c:1277:6:file_fat_read_at	28	static
fat.c:1284:6:file_fat_read	8	static
fat.c:1289:5:fat_read_file	20	static
fat.c:1302:6:fat_close	4	static
fat_write.c:29:12:disk_write	24	static
fat_write.c:47:13:set_name	280	static
fat_write.c:100:12:flush_fat_buffer	20	static
fat_write.c:135:14:get_fatent_value	28	static
fat_write.c:457:12:set_fatent_value	32	static
fat_write.c:541:1:set_cluster	28	dynamic
fat_write.c:661:1:set_contents	44	static
fat_write.c:764:12:check_overflow	12	static
fat_write.c:899:12:do_fat_write	700	static
fat_write.c:1075:5:file_fat_write	24	static
fat_write.c:600:13:7	16	static
